23:16:37 **** Build of configuration Debug for project DreamTeam ****
make -j8 all 
arm-none-eabi-gcc "../Core/Src/main.c" -mcpu=cortex-m4 -std=gnu11 -g3 -DDEBUG -DUSE_HAL_DRIVER -DSTM32F407xx -c -I../Core/Inc -I../Drivers/STM32F4xx_HAL_Driver/Inc -I../Drivers/STM32F4xx_HAL_Driver/Inc/Legacy -I../Drivers/CMSIS/Device/ST/STM32F4xx/Include -I../Drivers/CMSIS/Include -O0 -ffunction-sections -fdata-sections -Wall -fstack-usage -fcyclomatic-complexity -MMD -MP -MF"Core/Src/main.d" -MT"Core/Src/main.o" --specs=nano.specs -mfpu=fpv4-sp-d16 -mfloat-abi=hard -mthumb -o "Core/Src/main.o"
arm-none-eabi-gcc -o "DreamTeam.elf" @"objects.list"   -mcpu=cortex-m4 -T"C:\Users\sebas\Desktop\Laberinto\Proyecto_Laberinto\Proyecto_Laberinto\DreamTeam\STM32F407VGTX_FLASH.ld" --specs=nosys.specs -Wl,-Map="DreamTeam.map" -Wl,--gc-sections -static --specs=nano.specs -mfpu=fpv4-sp-d16 -mfloat-abi=hard -mthumb -Wl,--start-group -lc -lm -Wl,--end-group
Finished building target: DreamTeam.elf
 
arm-none-eabi-size  DreamTeam.elf 
arm-none-eabi-objdump -h -S DreamTeam.elf  > "DreamTeam.list"
   text	   data	    bss	    dec	    hex	filename
  17580	     16	   1984	  19580	   4c7c	DreamTeam.elf
Finished building: default.size.stdout
 
Finished building: DreamTeam.list
 
