Archive member included to satisfy reference by file (symbol)

C:/ST/STM32CubeIDE_1.18.1/STM32CubeIDE/plugins/com.st.stm32cube.ide.mcu.externaltools.gnu-tools-for-stm32.13.3.rel1.win32_1.0.0.202411081344/tools/bin/../lib/gcc/arm-none-eabi/13.3.1/../../../../arm-none-eabi/lib/thumb/v7e-m+fp/hard\libc_nano.a(libc_a-exit.o)
                              C:/ST/STM32CubeIDE_1.18.1/STM32CubeIDE/plugins/com.st.stm32cube.ide.mcu.externaltools.gnu-tools-for-stm32.13.3.rel1.win32_1.0.0.202411081344/tools/bin/../lib/gcc/arm-none-eabi/13.3.1/../../../../arm-none-eabi/lib/thumb/v7e-m+fp/hard/crt0.o (exit)
C:/ST/STM32CubeIDE_1.18.1/STM32CubeIDE/plugins/com.st.stm32cube.ide.mcu.externaltools.gnu-tools-for-stm32.13.3.rel1.win32_1.0.0.202411081344/tools/bin/../lib/gcc/arm-none-eabi/13.3.1/../../../../arm-none-eabi/lib/thumb/v7e-m+fp/hard\libc_nano.a(libc_a-findfp.o)
                              C:/ST/STM32CubeIDE_1.18.1/STM32CubeIDE/plugins/com.st.stm32cube.ide.mcu.externaltools.gnu-tools-for-stm32.13.3.rel1.win32_1.0.0.202411081344/tools/bin/../lib/gcc/arm-none-eabi/13.3.1/../../../../arm-none-eabi/lib/thumb/v7e-m+fp/hard\libc_nano.a(libc_a-exit.o) (__stdio_exit_handler)
C:/ST/STM32CubeIDE_1.18.1/STM32CubeIDE/plugins/com.st.stm32cube.ide.mcu.externaltools.gnu-tools-for-stm32.13.3.rel1.win32_1.0.0.202411081344/tools/bin/../lib/gcc/arm-none-eabi/13.3.1/../../../../arm-none-eabi/lib/thumb/v7e-m+fp/hard\libc_nano.a(libc_a-fwalk.o)
                              C:/ST/STM32CubeIDE_1.18.1/STM32CubeIDE/plugins/com.st.stm32cube.ide.mcu.externaltools.gnu-tools-for-stm32.13.3.rel1.win32_1.0.0.202411081344/tools/bin/../lib/gcc/arm-none-eabi/13.3.1/../../../../arm-none-eabi/lib/thumb/v7e-m+fp/hard\libc_nano.a(libc_a-findfp.o) (_fwalk_sglue)
C:/ST/STM32CubeIDE_1.18.1/STM32CubeIDE/plugins/com.st.stm32cube.ide.mcu.externaltools.gnu-tools-for-stm32.13.3.rel1.win32_1.0.0.202411081344/tools/bin/../lib/gcc/arm-none-eabi/13.3.1/../../../../arm-none-eabi/lib/thumb/v7e-m+fp/hard\libc_nano.a(libc_a-stdio.o)
                              C:/ST/STM32CubeIDE_1.18.1/STM32CubeIDE/plugins/com.st.stm32cube.ide.mcu.externaltools.gnu-tools-for-stm32.13.3.rel1.win32_1.0.0.202411081344/tools/bin/../lib/gcc/arm-none-eabi/13.3.1/../../../../arm-none-eabi/lib/thumb/v7e-m+fp/hard\libc_nano.a(libc_a-findfp.o) (__sread)
C:/ST/STM32CubeIDE_1.18.1/STM32CubeIDE/plugins/com.st.stm32cube.ide.mcu.externaltools.gnu-tools-for-stm32.13.3.rel1.win32_1.0.0.202411081344/tools/bin/../lib/gcc/arm-none-eabi/13.3.1/../../../../arm-none-eabi/lib/thumb/v7e-m+fp/hard\libc_nano.a(libc_a-memset.o)
                              C:/ST/STM32CubeIDE_1.18.1/STM32CubeIDE/plugins/com.st.stm32cube.ide.mcu.externaltools.gnu-tools-for-stm32.13.3.rel1.win32_1.0.0.202411081344/tools/bin/../lib/gcc/arm-none-eabi/13.3.1/../../../../arm-none-eabi/lib/thumb/v7e-m+fp/hard/crt0.o (memset)
C:/ST/STM32CubeIDE_1.18.1/STM32CubeIDE/plugins/com.st.stm32cube.ide.mcu.externaltools.gnu-tools-for-stm32.13.3.rel1.win32_1.0.0.202411081344/tools/bin/../lib/gcc/arm-none-eabi/13.3.1/../../../../arm-none-eabi/lib/thumb/v7e-m+fp/hard\libc_nano.a(libc_a-closer.o)
                              C:/ST/STM32CubeIDE_1.18.1/STM32CubeIDE/plugins/com.st.stm32cube.ide.mcu.externaltools.gnu-tools-for-stm32.13.3.rel1.win32_1.0.0.202411081344/tools/bin/../lib/gcc/arm-none-eabi/13.3.1/../../../../arm-none-eabi/lib/thumb/v7e-m+fp/hard\libc_nano.a(libc_a-stdio.o) (_close_r)
C:/ST/STM32CubeIDE_1.18.1/STM32CubeIDE/plugins/com.st.stm32cube.ide.mcu.externaltools.gnu-tools-for-stm32.13.3.rel1.win32_1.0.0.202411081344/tools/bin/../lib/gcc/arm-none-eabi/13.3.1/../../../../arm-none-eabi/lib/thumb/v7e-m+fp/hard\libc_nano.a(libc_a-reent.o)
                              C:/ST/STM32CubeIDE_1.18.1/STM32CubeIDE/plugins/com.st.stm32cube.ide.mcu.externaltools.gnu-tools-for-stm32.13.3.rel1.win32_1.0.0.202411081344/tools/bin/../lib/gcc/arm-none-eabi/13.3.1/../../../../arm-none-eabi/lib/thumb/v7e-m+fp/hard\libc_nano.a(libc_a-closer.o) (errno)
C:/ST/STM32CubeIDE_1.18.1/STM32CubeIDE/plugins/com.st.stm32cube.ide.mcu.externaltools.gnu-tools-for-stm32.13.3.rel1.win32_1.0.0.202411081344/tools/bin/../lib/gcc/arm-none-eabi/13.3.1/../../../../arm-none-eabi/lib/thumb/v7e-m+fp/hard\libc_nano.a(libc_a-impure.o)
                              C:/ST/STM32CubeIDE_1.18.1/STM32CubeIDE/plugins/com.st.stm32cube.ide.mcu.externaltools.gnu-tools-for-stm32.13.3.rel1.win32_1.0.0.202411081344/tools/bin/../lib/gcc/arm-none-eabi/13.3.1/../../../../arm-none-eabi/lib/thumb/v7e-m+fp/hard\libc_nano.a(libc_a-reent.o) (_impure_ptr)
C:/ST/STM32CubeIDE_1.18.1/STM32CubeIDE/plugins/com.st.stm32cube.ide.mcu.externaltools.gnu-tools-for-stm32.13.3.rel1.win32_1.0.0.202411081344/tools/bin/../lib/gcc/arm-none-eabi/13.3.1/../../../../arm-none-eabi/lib/thumb/v7e-m+fp/hard\libc_nano.a(libc_a-lseekr.o)
[...]
Memory Configuration

Name             Origin             Length             Attributes
CCMRAM           0x10000000         0x00010000         xrw
RAM              0x20000000         0x00020000         xrw
FLASH            0x08000000         0x00100000         xr
*default*        0x00000000         0xffffffff

Linker script and memory map

LOAD C:/ST/STM32CubeIDE_1.18.1/STM32CubeIDE/plugins/com.st.stm32cube.ide.mcu.externaltools.gnu-tools-for-stm32.13.3.rel1.win32_1.0.0.202411081344/tools/bin/../lib/gcc/arm-none-eabi/13.3.1/thumb/v7e-m+fp/hard/crti.o
LOAD C:/ST/STM32CubeIDE_1.18.1/STM32CubeIDE/plugins/com.st.stm32cube.ide.mcu.externaltools.gnu-tools-for-stm32.13.3.rel1.win32_1.0.0.202411081344/tools/bin/../lib/gcc/arm-none-eabi/13.3.1/thumb/v7e-m+fp/hard/crtbegin.o
LOAD C:/ST/STM32CubeIDE_1.18.1/STM32CubeIDE/plugins/com.st.stm32cube.ide.mcu.externaltools.gnu-tools-for-stm32.13.3.rel1.win32_1.0.0.202411081344/tools/bin/../lib/gcc/arm-none-eabi/13.3.1/../../../../arm-none-eabi/lib/thumb/v7e-m+fp/hard/crt0.o
LOAD ./Core/Src/main.o
LOAD ./Core/Src/stm32f4xx_hal_msp.o
LOAD ./Core/Src/stm32f4xx_it.o
LOAD ./Core/Src/syscalls.o
LOAD ./Core/Src/sysmem.o
LOAD ./Core/Src/system_stm32f4xx.o
LOAD ./Core/Startup/startup_stm32f407vgtx.o
LOAD ./Drivers/STM32F4xx_HAL_Driver/Src/stm32f4xx_hal.o
LOAD ./Drivers/STM32F4xx_HAL_Driver/Src/stm32f4xx_hal_adc.o
LOAD ./Drivers/STM32F4xx_HAL_Driver/Src/stm32f4xx_hal_adc_ex.o
LOAD ./Drivers/STM32F4xx_HAL_Driver/Src/stm32f4xx_hal_cortex.o
LOAD ./Drivers/STM32F4xx_HAL_Driver/Src/stm32f4xx_hal_dma.o
LOAD ./Drivers/STM32F4xx_HAL_Driver/Src/stm32f4xx_hal_dma_ex.o
LOAD ./Drivers/STM32F4xx_HAL_Driver/Src/stm32f4xx_hal_exti.o
LOAD ./Drivers/STM32F4xx_HAL_Driver/Src/stm32f4xx_hal_flash.o
LOAD ./Drivers/STM32F4xx_HAL_Driver/Src/stm32f4xx_hal_flash_ex.o
LOAD ./Drivers/STM32F4xx_HAL_Driver/Src/stm32f4xx_hal_flash_ramfunc.o
LOAD ./Drivers/STM32F4xx_HAL_Driver/Src/stm32f4xx_hal_gpio.o
LOAD ./Drivers/STM32F4xx_HAL_Driver/Src/stm32f4xx_hal_pwr.o
LOAD ./Drivers/STM32F4xx_HAL_Driver/Src/stm32f4xx_hal_pwr_ex.o
LOAD ./Drivers/STM32F4xx_HAL_Driver/Src/stm32f4xx_hal_rcc.o
LOAD ./Drivers/STM32F4xx_HAL_Driver/Src/stm32f4xx_hal_rcc_ex.o
LOAD ./Drivers/STM32F4xx_HAL_Driver/Src/stm32f4xx_hal_tim.o
LOAD ./Drivers/STM32F4xx_HAL_Driver/Src/stm32f4xx_hal_tim_ex.o
LOAD ./Drivers/STM32F4xx_HAL_Driver/Src/stm32f4xx_ll_adc.o
START GROUP
LOAD C:/ST/STM32CubeIDE_1.18.1/STM32CubeIDE/plugins/com.st.stm32cube.ide.mcu.externaltools.gnu-tools-for-stm32.13.3.rel1.win32_1.0.0.202411081344/tools/bin/../lib/gcc/arm-none-eabi/13.3.1/../../../../arm-none-eabi/lib/thumb/v7e-m+fp/hard\libc_nano.a
LOAD C:/ST/STM32CubeIDE_1.18.1/STM32CubeIDE/plugins/com.st.stm32cube.ide.mcu.externaltools.gnu-tools-for-stm32.13.3.rel1.win32_1.0.0.202411081344/tools/bin/../lib/gcc/arm-none-eabi/13.3.1/../../../../arm-none-eabi/lib/thumb/v7e-m+fp/hard\libm.a
END GROUP
START GROUP
LOAD C:/ST/STM32CubeIDE_1.18.1/STM32CubeIDE/plugins/com.st.stm32cube.ide.mcu.externaltools.gnu-tools-for-stm32.13.3.rel1.win32_1.0.0.202411081344/tools/bin/../lib/gcc/arm-none-eabi/13.3.1/thumb/v7e-m+fp/hard\libgcc.a
LOAD C:/ST/STM32CubeIDE_1.18.1/STM32CubeIDE/plugins/com.st.stm32cube.ide.mcu.externaltools.gnu-tools-for-stm32.13.3.rel1.win32_1.0.0.202411081344/tools/bin/../lib/gcc/arm-none-eabi/13.3.1/../../../../arm-none-eabi/lib/thumb/v7e-m+fp/hard\libc_nano.a
END GROUP
START GROUP
LOAD C:/ST/STM32CubeIDE_1.18.1/STM32CubeIDE/plugins/com.st.stm32cube.ide.mcu.externaltools.gnu-tools-for-stm32.13.3.rel1.win32_1.0.0.202411081344/tools/bin/../lib/gcc/arm-none-eabi/13.3.1/thumb/v7e-m+fp/hard\libgcc.a
LOAD C:/ST/STM32CubeIDE_1.18.1/STM32CubeIDE/plugins/com.st.stm32cube.ide.mcu.externaltools.gnu-tools-for-stm32.13.3.rel1.win32_1.0.0.202411081344/tools/bin/../lib/gcc/arm-none-eabi/13.3.1/../../../../arm-none-eabi/lib/thumb/v7e-m+fp/hard\libc_nano.a
LOAD C:/ST/STM32CubeIDE_1.18.1/STM32CubeIDE/plugins/com.st.stm32cube.ide.mcu.externaltools.gnu-tools-for-stm32.13.3.rel1.win32_1.0.0.202411081344/tools/bin/../lib/gcc/arm-none-eabi/13.3.1/../../../../arm-none-eabi/lib/thumb/v7e-m+fp/hard\libnosys.a
END GROUP
START GROUP
LOAD C:/ST/STM32CubeIDE_1.18.1/STM32CubeIDE/plugins/com.st.stm32cube.ide.mcu.externaltools.gnu-tools-for-stm32.13.3.rel1.win32_1.0.0.202411081344/tools/bin/../lib/gcc/arm-none-eabi/13.3.1/thumb/v7e-m+fp/hard\libgcc.a
LOAD C:/ST/STM32CubeIDE_1.18.1/STM32CubeIDE/plugins/com.st.stm32cube.ide.mcu.externaltools.gnu-tools-for-stm32.13.3.rel1.win32_1.0.0.202411081344/tools/bin/../lib/gcc/arm-none-eabi/13.3.1/../../../../arm-none-eabi/lib/thumb/v7e-m+fp/hard\libc_nano.a
LOAD C:/ST/STM32CubeIDE_1.18.1/STM32CubeIDE/plugins/com.st.stm32cube.ide.mcu.externaltools.gnu-tools-for-stm32.13.3.rel1.win32_1.0.0.202411081344/tools/bin/../lib/gcc/arm-none-eabi/13.3.1/../../../../arm-none-eabi/lib/thumb/v7e-m+fp/hard\libnosys.a
END GROUP
LOAD C:/ST/STM32CubeIDE_1.18.1/STM32CubeIDE/plugins/com.st.stm32cube.ide.mcu.externaltools.gnu-tools-for-stm32.13.3.rel1.win32_1.0.0.202411081344/tools/bin/../lib/gcc/arm-none-eabi/13.3.1/thumb/v7e-m+fp/hard/crtend.o
LOAD C:/ST/STM32CubeIDE_1.18.1/STM32CubeIDE/plugins/com.st.stm32cube.ide.mcu.externaltools.gnu-tools-for-stm32.13.3.rel1.win32_1.0.0.202411081344/tools/bin/../lib/gcc/arm-none-eabi/13.3.1/thumb/v7e-m+fp/hard/crtn.o
                0x20020000                        _estack = (ORIGIN (RAM) + LENGTH (RAM))
                0x00000200                        _Min_Heap_Size = 0x200
                0x00000400                        _Min_Stack_Size = 0x400

.isr_vector     0x08000000      0x188
                0x08000000                        . = ALIGN (0x4)
 *(.isr_vector)
 .isr_vector    0x08000000      0x188 ./Core/Startup/startup_stm32f407vgtx.o
                0x08000000                g_pfnVectors
                0x08000188                        . = ALIGN (0x4)

.text           0x08000188     0x514c
                0x08000188                        . = ALIGN (0x4)
 *(.text)
 .text          0x08000188       0x40 C:/ST/STM32CubeIDE_1.18.1/STM32CubeIDE/plugins/com.st.stm32cube.ide.mcu.externaltools.gnu-tools-for-stm32.13.3.rel1.win32_1.0.0.202411081344/tools/bin/../lib/gcc/arm-none-eabi/13.3.1/thumb/v7e-m+fp/hard/crtbegin.o
 .text          0x080001c8      0x254 C:/ST/STM32CubeIDE_1.18.1/STM32CubeIDE/plugins/com.st.stm32cube.ide.mcu.externaltools.gnu-tools-for-stm32.13.3.rel1.win32_1.0.0.202411081344/tools/bin/../lib/gcc/arm-none-eabi/13.3.1/thumb/v7e-m+fp/hard\libgcc.a(_arm_muldf3.o)
                0x080001c8                __muldf3
                0x080001c8                __aeabi_dmul
 .text          0x0800041c      0x378 C:/ST/STM32CubeIDE_1.18.1/STM32CubeIDE/plugins/com.st.stm32cube.ide.mcu.externaltools.gnu-tools-for-stm32.13.3.rel1.win32_1.0.0.202411081344/tools/bin/../lib/gcc/arm-none-eabi/13.3.1/thumb/v7e-m+fp/hard\libgcc.a(_arm_addsubdf3.o)
                0x0800041c                __aeabi_drsub
                0x08000424                __aeabi_dsub
                0x08000424                __subdf3
                0x08000428                __aeabi_dadd
                0x08000428                __adddf3
                0x080006a0                __floatunsidf
                0x080006a0                __aeabi_ui2d
                0x080006c0                __floatsidf
                0x080006c0                __aeabi_i2d
                0x080006e4                __aeabi_f2d
                0x080006e4                __extendsfdf2
                0x08000728                __floatundidf
                0x08000728                __aeabi_ul2d
                0x08000738                __floatdidf
                0x08000738                __aeabi_l2d
 .text          0x08000794       0x40 C:/ST/STM32CubeIDE_1.18.1/STM32CubeIDE/plugins/com.st.stm32cube.ide.mcu.externaltools.gnu-tools-for-stm32.13.3.rel1.win32_1.0.0.202411081344/tools/bin/../lib/gcc/arm-none-eabi/13.3.1/thumb/v7e-m+fp/hard\libgcc.a(_arm_fixunsdfsi.o)
                0x08000794                __aeabi_d2uiz
                0x08000794                __fixunsdfsi
 .text          0x080007d4       0x30 C:/ST/STM32CubeIDE_1.18.1/STM32CubeIDE/plugins/com.st.stm32cube.ide.mcu.externaltools.gnu-tools-for-stm32.13.3.rel1.win32_1.0.0.202411081344/tools/bin/../lib/gcc/arm-none-eabi/13.3.1/thumb/v7e-m+fp/hard\libgcc.a(_aeabi_uldivmod.o)
                0x080007d4                __aeabi_uldivmod
 .text          0x08000804      0x2f8 C:/ST/STM32CubeIDE_1.18.1/STM32CubeIDE/plugins/com.st.stm32cube.ide.mcu.externaltools.gnu-tools-for-stm32.13.3.rel1.win32_1.0.0.202411081344/tools/bin/../lib/gcc/arm-none-eabi/13.3.1/thumb/v7e-m+fp/hard\libgcc.a(_udivmoddi4.o)
                0x08000804                __udivmoddi4
 .text          0x08000afc        0x4 C:/ST/STM32CubeIDE_1.18.1/STM32CubeIDE/plugins/com.st.stm32cube.ide.mcu.externaltools.gnu-tools-for-stm32.13.3.rel1.win32_1.0.0.202411081344/tools/bin/../lib/gcc/arm-none-eabi/13.3.1/thumb/v7e-m+fp/hard\libgcc.a(_dvmd_tls.o)
                0x08000afc                __aeabi_idiv0
                0x08000afc                __aeabi_ldiv0
 *(.text*)
 .text.main     0x08000b00      0x26c ./Core/Src/main.o
                0x08000b00                main
 .text.SystemClock_Config
                0x08000d6c       0xd4 ./Core/Src/main.o
                0x08000d6c                SystemClock_Config
 .text.MX_ADC1_Init
                0x08000e40       0xc0 ./Core/Src/main.o
 .text.MX_TIM3_Init
                0x08000f00      0x104 ./Core/Src/main.o
 .text.MX_DMA_Init
                0x08001004       0x40 ./Core/Src/main.o
 .text.MX_GPIO_Init
                0x08001044      0x198 ./Core/Src/main.o
 *fill*         0x080011dc        0x4 
 .text.ajuste_automatico
                0x080011e0      0x188 ./Core/Src/main.o
                0x080011e0                ajuste_automatico
 .text.prueba_avanzar
                0x08001368        0xe ./Core/Src/main.o
                0x08001368                prueba_avanzar
 *fill*         0x08001376        0x2 
 .text.prueba_giros_y_sensores
                0x08001378       0xf8 ./Core/Src/main.o
                0x08001378                prueba_giros_y_sensores
 .text.prueba_casilla_n
                0x08001470       0x54 ./Core/Src/main.o
                0x08001470                prueba_casilla_n
 .text.prueba_post_relleno
                0x080014c4       0x68 ./Core/Src/main.o
                0x080014c4                prueba_post_relleno
 .text.programa_principal
                0x0800152c      0x168 ./Core/Src/main.o
                0x0800152c                programa_principal
 .text.obtener_orientacion_futura
                0x08001694       0x56 ./Core/Src/main.o
                0x08001694                obtener_orientacion_futura
 *fill*         0x080016ea        0x2 
 .text.obtenerGiro
                0x080016ec       0x64 ./Core/Src/main.o
                0x080016ec                obtenerGiro
 .text.act_ubicacion
                0x08001750       0x5c ./Core/Src/main.o
                0x08001750                act_ubicacion
 .text.promediar
                0x080017ac       0x6c ./Core/Src/main.o
                0x080017ac                promediar
 .text.HAL_ADC_ConvHalfCpltCallback
                0x08001818       0x1c ./Core/Src/main.o
                0x08001818                HAL_ADC_ConvHalfCpltCallback
 .text.HAL_ADC_ConvCpltCallback
                0x08001834       0x1c ./Core/Src/main.o
                0x08001834                HAL_ADC_ConvCpltCallback
 .text.correccion_avanzar
                0x08001850       0x64 ./Core/Src/main.o
                0x08001850                correccion_avanzar
 .text.avanzar  0x080018b4       0x50 ./Core/Src/main.o
                0x080018b4                avanzar
 .text.apagar_izquierda
                0x08001904       0x50 ./Core/Src/main.o
                0x08001904                apagar_izquierda
 .text.apagar_derecha
                0x08001954       0x50 ./Core/Src/main.o
                0x08001954                apagar_derecha
 .text.mini_retroceso
                0x080019a4       0x1a ./Core/Src/main.o
                0x080019a4                mini_retroceso
 .text.mini_avance
                0x080019be       0x1c ./Core/Src/main.o
                0x080019be                mini_avance
 *fill*         0x080019da        0x2 
 .text.ejecutarGiro
                0x080019dc      0x15c ./Core/Src/main.o
                0x080019dc                ejecutarGiro
 .text.setMotorIzquierdo
                0x08001b38       0x64 ./Core/Src/main.o
                0x08001b38                setMotorIzquierdo
 .text.setMotorDerecho
                0x08001b9c       0x64 ./Core/Src/main.o
                0x08001b9c                setMotorDerecho
 .text.verificar_sensor
                0x08001c00       0x60 ./Core/Src/main.o
                0x08001c00                verificar_sensor
 .text.act_pared
                0x08001c60       0xa4 ./Core/Src/main.o
                0x08001c60                act_pared
 .text.act_pesos
                0x08001d04      0x13e ./Core/Src/main.o
                0x08001d04                act_pesos
 *fill*         0x08001e42        0x2 
 .text.calculo_minimo_peso
                0x08001e44      0x4b8 ./Core/Src/main.o
                0x08001e44                calculo_minimo_peso
 .text.filtrado_pared
                0x080022fc       0x50 ./Core/Src/main.o
                0x080022fc                filtrado_pared
 .text.HAL_GPIO_EXTI_Callback
                0x0800234c       0x3c ./Core/Src/main.o
                0x0800234c                HAL_GPIO_EXTI_Callback
 .text.Error_Handler
                0x08002388        0xc ./Core/Src/main.o
                0x08002388                Error_Handler
 .text.HAL_MspInit
                0x08002394       0x50 ./Core/Src/stm32f4xx_hal_msp.o
                0x08002394                HAL_MspInit
 .text.HAL_ADC_MspInit
                0x080023e4       0xf0 ./Core/Src/stm32f4xx_hal_msp.o
                0x080023e4                HAL_ADC_MspInit
 .text.HAL_TIM_Base_MspInit
                0x080024d4       0x44 ./Core/Src/stm32f4xx_hal_msp.o
                0x080024d4                HAL_TIM_Base_MspInit
 .text.HAL_TIM_MspPostInit
                0x08002518       0x74 ./Core/Src/stm32f4xx_hal_msp.o
                0x08002518                HAL_TIM_MspPostInit
 .text.NMI_Handler
                0x0800258c        0x8 ./Core/Src/stm32f4xx_it.o
                0x0800258c                NMI_Handler
 .text.HardFault_Handler
                0x08002594        0x8 ./Core/Src/stm32f4xx_it.o
                0x08002594                HardFault_Handler
 .text.MemManage_Handler
                0x0800259c        0x8 ./Core/Src/stm32f4xx_it.o
                0x0800259c                MemManage_Handler
 .text.BusFault_Handler
                0x080025a4        0x8 ./Core/Src/stm32f4xx_it.o
                0x080025a4                BusFault_Handler
 .text.UsageFault_Handler
                0x080025ac        0x8 ./Core/Src/stm32f4xx_it.o
                0x080025ac                UsageFault_Handler
 .text.SVC_Handler
                0x080025b4        0xe ./Core/Src/stm32f4xx_it.o
                0x080025b4                SVC_Handler
 .text.DebugMon_Handler
                0x080025c2        0xe ./Core/Src/stm32f4xx_it.o
                0x080025c2                DebugMon_Handler
 .text.PendSV_Handler
                0x080025d0        0xe ./Core/Src/stm32f4xx_it.o
                0x080025d0                PendSV_Handler
 .text.SysTick_Handler
                0x080025de        0xc ./Core/Src/stm32f4xx_it.o
                0x080025de                SysTick_Handler
 .text.EXTI9_5_IRQHandler
                0x080025ea        0xe ./Core/Src/stm32f4xx_it.o
                0x080025ea                EXTI9_5_IRQHandler
 .text.DMA2_Stream0_IRQHandler
                0x080025f8       0x14 ./Core/Src/stm32f4xx_it.o
                0x080025f8                DMA2_Stream0_IRQHandler
 .text.SystemInit
                0x0800260c       0x24 ./Core/Src/system_stm32f4xx.o
                0x0800260c                SystemInit
 .text.Reset_Handler
                0x08002630       0x50 ./Core/Startup/startup_stm32f407vgtx.o
                0x08002630                Reset_Handler
 .text.Default_Handler
                0x08002680        0x2 ./Core/Startup/startup_stm32f407vgtx.o
                0x08002680                RTC_Alarm_IRQHandler
                0x08002680                HASH_RNG_IRQHandler
                0x08002680                EXTI2_IRQHandler
                0x08002680                TIM8_CC_IRQHandler
                0x08002680                TIM1_CC_IRQHandler
                0x08002680                DMA2_Stream5_IRQHandler
                0x08002680                DMA1_Stream5_IRQHandler
                0x08002680                PVD_IRQHandler
                0x08002680                SDIO_IRQHandler
                0x08002680                TAMP_STAMP_IRQHandler
                0x08002680                CAN2_RX1_IRQHandler
                0x08002680                EXTI3_IRQHandler
                0x08002680                TIM8_TRG_COM_TIM14_IRQHandler
                0x08002680                TIM1_UP_TIM10_IRQHandler
                0x08002680                TIM8_UP_TIM13_IRQHandler
                0x08002680                I2C3_ER_IRQHandler
                0x08002680                EXTI0_IRQHandler
                0x08002680                I2C2_EV_IRQHandler
                0x08002680                DMA1_Stream2_IRQHandler
                0x08002680                CAN1_RX0_IRQHandler
                0x08002680                FPU_IRQHandler
                0x08002680                OTG_HS_WKUP_IRQHandler
                0x08002680                CAN2_SCE_IRQHandler
                0x08002680                DMA2_Stream2_IRQHandler
                0x08002680                SPI1_IRQHandler
                0x08002680                TIM6_DAC_IRQHandler
                0x08002680                TIM1_BRK_TIM9_IRQHandler
                0x08002680                DCMI_IRQHandler
                0x08002680                CAN2_RX0_IRQHandler
                0x08002680                DMA2_Stream3_IRQHandler
                0x08002680                USART6_IRQHandler
                0x08002680                USART3_IRQHandler
                0x08002680                CAN1_RX1_IRQHandler
                0x08002680                UART5_IRQHandler
                0x08002680                TIM4_IRQHandler
                0x08002680                I2C1_EV_IRQHandler
                0x08002680                DMA1_Stream6_IRQHandler
                0x08002680                DMA1_Stream1_IRQHandler
                0x08002680                UART4_IRQHandler
                0x08002680                TIM3_IRQHandler
                0x08002680                RCC_IRQHandler
                0x08002680                TIM8_BRK_TIM12_IRQHandler
                0x08002680                Default_Handler
                0x08002680                EXTI15_10_IRQHandler
                0x08002680                ADC_IRQHandler
                0x08002680                DMA1_Stream7_IRQHandler
                0x08002680                TIM7_IRQHandler
                0x08002680                CAN2_TX_IRQHandler
                0x08002680                TIM5_IRQHandler
                0x08002680                DMA2_Stream7_IRQHandler
                0x08002680                I2C3_EV_IRQHandler
                0x08002680                RTC_WKUP_IRQHandler
                0x08002680                ETH_WKUP_IRQHandler
                0x08002680                SPI2_IRQHandler
                0x08002680                OTG_HS_EP1_IN_IRQHandler
                0x08002680                DMA1_Stream0_IRQHandler
                0x08002680                CAN1_TX_IRQHandler
                0x08002680                EXTI4_IRQHandler
                0x08002680                FSMC_IRQHandler
                0x08002680                ETH_IRQHandler
                0x08002680                OTG_HS_EP1_OUT_IRQHandler
                0x08002680                WWDG_IRQHandler
                0x08002680                TIM2_IRQHandler
                0x08002680                OTG_FS_WKUP_IRQHandler
                0x08002680                TIM1_TRG_COM_TIM11_IRQHandler
                0x08002680                OTG_HS_IRQHandler
                0x08002680                EXTI1_IRQHandler
                0x08002680                USART2_IRQHandler
                0x08002680                I2C2_ER_IRQHandler
                0x08002680                DMA2_Stream1_IRQHandler
                0x08002680                CAN1_SCE_IRQHandler
                0x08002680                FLASH_IRQHandler
                0x08002680                DMA2_Stream4_IRQHandler
                0x08002680                USART1_IRQHandler
                0x08002680                OTG_FS_IRQHandler
                0x08002680                SPI3_IRQHandler
                0x08002680                DMA1_Stream4_IRQHandler
                0x08002680                I2C1_ER_IRQHandler
                0x08002680                DMA2_Stream6_IRQHandler
                0x08002680                DMA1_Stream3_IRQHandler
 *fill*         0x08002682        0x2 
 .text.HAL_Init
                0x08002684       0x44 ./Drivers/STM32F4xx_HAL_Driver/Src/stm32f4xx_hal.o
                0x08002684                HAL_Init
 .text.HAL_InitTick
                0x080026c8       0x60 ./Drivers/STM32F4xx_HAL_Driver/Src/stm32f4xx_hal.o
                0x080026c8                HAL_InitTick
 .text.HAL_IncTick
                0x08002728       0x28 ./Drivers/STM32F4xx_HAL_Driver/Src/stm32f4xx_hal.o
                0x08002728                HAL_IncTick
 .text.HAL_GetTick
                0x08002750       0x18 ./Drivers/STM32F4xx_HAL_Driver/Src/stm32f4xx_hal.o
                0x08002750                HAL_GetTick
 .text.HAL_Delay
                0x08002768       0x48 ./Drivers/STM32F4xx_HAL_Driver/Src/stm32f4xx_hal.o
                0x08002768                HAL_Delay
 .text.HAL_ADC_Init
                0x080027b0       0x86 ./Drivers/STM32F4xx_HAL_Driver/Src/stm32f4xx_hal_adc.o
                0x080027b0                HAL_ADC_Init
 *fill*         0x08002836        0x2 
 .text.HAL_ADC_Start_DMA
                0x08002838      0x228 ./Drivers/STM32F4xx_HAL_Driver/Src/stm32f4xx_hal_adc.o
                0x08002838                HAL_ADC_Start_DMA
 .text.HAL_ADC_ErrorCallback
                0x08002a60       0x14 ./Drivers/STM32F4xx_HAL_Driver/Src/stm32f4xx_hal_adc.o
                0x08002a60                HAL_ADC_ErrorCallback
 .text.HAL_ADC_ConfigChannel
                0x08002a74      0x244 ./Drivers/STM32F4xx_HAL_Driver/Src/stm32f4xx_hal_adc.o
                0x08002a74                HAL_ADC_ConfigChannel
 .text.ADC_Init
                0x08002cb8      0x1f8 ./Drivers/STM32F4xx_HAL_Driver/Src/stm32f4xx_hal_adc.o
 .text.ADC_DMAConvCplt
                0x08002eb0       0xba ./Drivers/STM32F4xx_HAL_Driver/Src/stm32f4xx_hal_adc.o
 .text.ADC_DMAHalfConvCplt
                0x08002f6a       0x1c ./Drivers/STM32F4xx_HAL_Driver/Src/stm32f4xx_hal_adc.o
 .text.ADC_DMAError
                0x08002f86       0x2e ./Drivers/STM32F4xx_HAL_Driver/Src/stm32f4xx_hal_adc.o
 .text.__NVIC_SetPriorityGrouping
                0x08002fb4       0x48 ./Drivers/STM32F4xx_HAL_Driver/Src/stm32f4xx_hal_cortex.o
 .text.__NVIC_GetPriorityGrouping
                0x08002ffc       0x1c ./Drivers/STM32F4xx_HAL_Driver/Src/stm32f4xx_hal_cortex.o
 .text.__NVIC_EnableIRQ
                0x08003018       0x3c ./Drivers/STM32F4xx_HAL_Driver/Src/stm32f4xx_hal_cortex.o
 .text.__NVIC_SetPriority
                0x08003054       0x54 ./Drivers/STM32F4xx_HAL_Driver/Src/stm32f4xx_hal_cortex.o
 .text.NVIC_EncodePriority
                0x080030a8       0x66 ./Drivers/STM32F4xx_HAL_Driver/Src/stm32f4xx_hal_cortex.o
 *fill*         0x0800310e        0x2 
 .text.SysTick_Config
                0x08003110       0x44 ./Drivers/STM32F4xx_HAL_Driver/Src/stm32f4xx_hal_cortex.o
 .text.HAL_NVIC_SetPriorityGrouping
                0x08003154       0x16 ./Drivers/STM32F4xx_HAL_Driver/Src/stm32f4xx_hal_cortex.o
                0x08003154                HAL_NVIC_SetPriorityGrouping
 .text.HAL_NVIC_SetPriority
                0x0800316a       0x38 ./Drivers/STM32F4xx_HAL_Driver/Src/stm32f4xx_hal_cortex.o
                0x0800316a                HAL_NVIC_SetPriority
 .text.HAL_NVIC_EnableIRQ
                0x080031a2       0x1c ./Drivers/STM32F4xx_HAL_Driver/Src/stm32f4xx_hal_cortex.o
                0x080031a2                HAL_NVIC_EnableIRQ
 .text.HAL_SYSTICK_Config
                0x080031be       0x18 ./Drivers/STM32F4xx_HAL_Driver/Src/stm32f4xx_hal_cortex.o
                0x080031be                HAL_SYSTICK_Config
 *fill*         0x080031d6        0x2 
 .text.HAL_DMA_Init
                0x080031d8      0x15c ./Drivers/STM32F4xx_HAL_Driver/Src/stm32f4xx_hal_dma.o
                0x080031d8                HAL_DMA_Init
 .text.HAL_DMA_Start_IT
                0x08003334       0xb0 ./Drivers/STM32F4xx_HAL_Driver/Src/stm32f4xx_hal_dma.o
                0x08003334                HAL_DMA_Start_IT
 .text.HAL_DMA_IRQHandler
                0x080033e4      0x314 ./Drivers/STM32F4xx_HAL_Driver/Src/stm32f4xx_hal_dma.o
                0x080033e4                HAL_DMA_IRQHandler
 .text.DMA_SetConfig
                0x080036f8       0x5c ./Drivers/STM32F4xx_HAL_Driver/Src/stm32f4xx_hal_dma.o
 .text.DMA_CalcBaseAndBitshift
                0x08003754       0x6c ./Drivers/STM32F4xx_HAL_Driver/Src/stm32f4xx_hal_dma.o
 .text.DMA_CheckFifoParam
                0x080037c0       0xf8 ./Drivers/STM32F4xx_HAL_Driver/Src/stm32f4xx_hal_dma.o
 .text.HAL_GPIO_Init
                0x080038b8      0x338 ./Drivers/STM32F4xx_HAL_Driver/Src/stm32f4xx_hal_gpio.o
                0x080038b8                HAL_GPIO_Init
 .text.HAL_GPIO_ReadPin
                0x08003bf0       0x30 ./Drivers/STM32F4xx_HAL_Driver/Src/stm32f4xx_hal_gpio.o
                0x08003bf0                HAL_GPIO_ReadPin
 .text.HAL_GPIO_WritePin
                0x08003c20       0x32 ./Drivers/STM32F4xx_HAL_Driver/Src/stm32f4xx_hal_gpio.o
                0x08003c20                HAL_GPIO_WritePin
 *fill*         0x08003c52        0x2 
 .text.HAL_GPIO_EXTI_IRQHandler
                0x08003c54       0x30 ./Drivers/STM32F4xx_HAL_Driver/Src/stm32f4xx_hal_gpio.o
                0x08003c54                HAL_GPIO_EXTI_IRQHandler
 .text.HAL_RCC_OscConfig
                0x08003c84      0x4f0 ./Drivers/STM32F4xx_HAL_Driver/Src/stm32f4xx_hal_rcc.o
                0x08003c84                HAL_RCC_OscConfig
 .text.HAL_RCC_ClockConfig
                0x08004174      0x1cc ./Drivers/STM32F4xx_HAL_Driver/Src/stm32f4xx_hal_rcc.o
                0x08004174                HAL_RCC_ClockConfig
 .text.HAL_RCC_GetSysClockFreq
                0x08004340      0x20c ./Drivers/STM32F4xx_HAL_Driver/Src/stm32f4xx_hal_rcc.o
                0x08004340                HAL_RCC_GetSysClockFreq
 .text.HAL_TIM_Base_Init
                0x0800454c       0x9e ./Drivers/STM32F4xx_HAL_Driver/Src/stm32f4xx_hal_tim.o
                0x0800454c                HAL_TIM_Base_Init
 .text.HAL_TIM_PWM_Init
                0x080045ea       0x9e ./Drivers/STM32F4xx_HAL_Driver/Src/stm32f4xx_hal_tim.o
                0x080045ea                HAL_TIM_PWM_Init
 .text.HAL_TIM_PWM_MspInit
                0x08004688       0x14 ./Drivers/STM32F4xx_HAL_Driver/Src/stm32f4xx_hal_tim.o
                0x08004688                HAL_TIM_PWM_MspInit
 .text.HAL_TIM_PWM_Start
                0x0800469c      0x190 ./Drivers/STM32F4xx_HAL_Driver/Src/stm32f4xx_hal_tim.o
                0x0800469c                HAL_TIM_PWM_Start
 .text.HAL_TIM_PWM_ConfigChannel
                0x0800482c      0x184 ./Drivers/STM32F4xx_HAL_Driver/Src/stm32f4xx_hal_tim.o
                0x0800482c                HAL_TIM_PWM_ConfigChannel
 .text.HAL_TIM_ConfigClockSource
                0x080049b0      0x18e ./Drivers/STM32F4xx_HAL_Driver/Src/stm32f4xx_hal_tim.o
                0x080049b0                HAL_TIM_ConfigClockSource
 *fill*         0x08004b3e        0x2 
 .text.TIM_Base_SetConfig
                0x08004b40      0x14c ./Drivers/STM32F4xx_HAL_Driver/Src/stm32f4xx_hal_tim.o
                0x08004b40                TIM_Base_SetConfig
 .text.TIM_OC1_SetConfig
                0x08004c8c       0xe0 ./Drivers/STM32F4xx_HAL_Driver/Src/stm32f4xx_hal_tim.o
 .text.TIM_OC2_SetConfig
                0x08004d6c       0xec ./Drivers/STM32F4xx_HAL_Driver/Src/stm32f4xx_hal_tim.o
                0x08004d6c                TIM_OC2_SetConfig
 .text.TIM_OC3_SetConfig
                0x08004e58       0xe8 ./Drivers/STM32F4xx_HAL_Driver/Src/stm32f4xx_hal_tim.o
 .text.TIM_OC4_SetConfig
                0x08004f40       0xac ./Drivers/STM32F4xx_HAL_Driver/Src/stm32f4xx_hal_tim.o
 .text.TIM_TI1_ConfigInputStage
                0x08004fec       0x5e ./Drivers/STM32F4xx_HAL_Driver/Src/stm32f4xx_hal_tim.o
 .text.TIM_TI2_ConfigInputStage
                0x0800504a       0x60 ./Drivers/STM32F4xx_HAL_Driver/Src/stm32f4xx_hal_tim.o
 .text.TIM_ITRx_SetConfig
                0x080050aa       0x36 ./Drivers/STM32F4xx_HAL_Driver/Src/stm32f4xx_hal_tim.o
 .text.TIM_ETR_SetConfig
                0x080050e0       0x40 ./Drivers/STM32F4xx_HAL_Driver/Src/stm32f4xx_hal_tim.o
                0x080050e0                TIM_ETR_SetConfig
 .text.TIM_CCxChannelCmd
                0x08005120       0x4a ./Drivers/STM32F4xx_HAL_Driver/Src/stm32f4xx_hal_tim.o
                0x08005120                TIM_CCxChannelCmd
 *fill*         0x0800516a        0x2 
 .text.HAL_TIMEx_MasterConfigSynchronization
                0x0800516c       0xf8 ./Drivers/STM32F4xx_HAL_Driver/Src/stm32f4xx_hal_tim_ex.o
                0x0800516c                HAL_TIMEx_MasterConfigSynchronization
 .text.memset   0x08005264       0x10 C:/ST/STM32CubeIDE_1.18.1/STM32CubeIDE/plugins/com.st.stm32cube.ide.mcu.externaltools.gnu-tools-for-stm32.13.3.rel1.win32_1.0.0.202411081344/tools/bin/../lib/gcc/arm-none-eabi/13.3.1/../../../../arm-none-eabi/lib/thumb/v7e-m+fp/hard\libc_nano.a(libc_a-memset.o)
                0x08005264                memset
 .text.__libc_init_array
                0x08005274       0x48 C:/ST/STM32CubeIDE_1.18.1/STM32CubeIDE/plugins/com.st.stm32cube.ide.mcu.externaltools.gnu-tools-for-stm32.13.3.rel1.win32_1.0.0.202411081344/tools/bin/../lib/gcc/arm-none-eabi/13.3.1/../../../../arm-none-eabi/lib/thumb/v7e-m+fp/hard\libc_nano.a(libc_a-init.o)
                0x08005274                __libc_init_array
 *(.glue_7)
 .glue_7        0x080052bc        0x0 linker stubs
 *(.glue_7t)
 .glue_7t       0x080052bc        0x0 linker stubs
 *(.eh_frame)
 .eh_frame      0x080052bc        0x0 C:/ST/STM32CubeIDE_1.18.1/STM32CubeIDE/plugins/com.st.stm32cube.ide.mcu.externaltools.gnu-tools-for-stm32.13.3.rel1.win32_1.0.0.202411081344/tools/bin/../lib/gcc/arm-none-eabi/13.3.1/thumb/v7e-m+fp/hard/crtbegin.o
 *(.init)
 .init          0x080052bc        0x4 C:/ST/STM32CubeIDE_1.18.1/STM32CubeIDE/plugins/com.st.stm32cube.ide.mcu.externaltools.gnu-tools-for-stm32.13.3.rel1.win32_1.0.0.202411081344/tools/bin/../lib/gcc/arm-none-eabi/13.3.1/thumb/v7e-m+fp/hard/crti.o
                0x080052bc                _init
 .init          0x080052c0        0x8 C:/ST/STM32CubeIDE_1.18.1/STM32CubeIDE/plugins/com.st.stm32cube.ide.mcu.externaltools.gnu-tools-for-stm32.13.3.rel1.win32_1.0.0.202411081344/tools/bin/../lib/gcc/arm-none-eabi/13.3.1/thumb/v7e-m+fp/hard/crtn.o
 *(.fini)
 .fini          0x080052c8        0x4 C:/ST/STM32CubeIDE_1.18.1/STM32CubeIDE/plugins/com.st.stm32cube.ide.mcu.externaltools.gnu-tools-for-stm32.13.3.rel1.win32_1.0.0.202411081344/tools/bin/../lib/gcc/arm-none-eabi/13.3.1/thumb/v7e-m+fp/hard/crti.o
                0x080052c8                _fini
 .fini          0x080052cc        0x8 C:/ST/STM32CubeIDE_1.18.1/STM32CubeIDE/plugins/com.st.stm32cube.ide.mcu.externaltools.gnu-tools-for-stm32.13.3.rel1.win32_1.0.0.202411081344/tools/bin/../lib/gcc/arm-none-eabi/13.3.1/thumb/v7e-m+fp/hard/crtn.o
                0x080052d4                        . = ALIGN (0x4)
                0x080052d4                        _etext = .

.vfp11_veneer   0x080052d4        0x0
 .vfp11_veneer  0x080052d4        0x0 linker stubs

.v4_bx          0x080052d4        0x0
 .v4_bx         0x080052d4        0x0 linker stubs

.iplt           0x080052d4        0x0
 .iplt          0x080052d4        0x0 C:/ST/STM32CubeIDE_1.18.1/STM32CubeIDE/plugins/com.st.stm32cube.ide.mcu.externaltools.gnu-tools-for-stm32.13.3.rel1.win32_1.0.0.202411081344/tools/bin/../lib/gcc/arm-none-eabi/13.3.1/thumb/v7e-m+fp/hard/crtbegin.o

.rodata         0x080052d4       0x18
                0x080052d4                        . = ALIGN (0x4)
 *(.rodata)
 *(.rodata*)
 .rodata.AHBPrescTable
                0x080052d4       0x10 ./Core/Src/system_stm32f4xx.o
                0x080052d4                AHBPrescTable
 .rodata.flagBitshiftOffset.0
                0x080052e4        0x8 ./Drivers/STM32F4xx_HAL_Driver/Src/stm32f4xx_hal_dma.o
                0x080052ec                        . = ALIGN (0x4)

.ARM.extab      0x080052ec        0x0
                0x080052ec                        . = ALIGN (0x4)
 *(.ARM.extab* .gnu.linkonce.armextab.*)
                0x080052ec                        . = ALIGN (0x4)

.ARM            0x080052ec        0x8
                0x080052ec                        . = ALIGN (0x4)
                0x080052ec                        __exidx_start = .
 *(.ARM.exidx*)
 .ARM.exidx     0x080052ec        0x8 C:/ST/STM32CubeIDE_1.18.1/STM32CubeIDE/plugins/com.st.stm32cube.ide.mcu.externaltools.gnu-tools-for-stm32.13.3.rel1.win32_1.0.0.202411081344/tools/bin/../lib/gcc/arm-none-eabi/13.3.1/thumb/v7e-m+fp/hard\libgcc.a(_udivmoddi4.o)
                0x080052f4                        __exidx_end = .
                0x080052f4                        . = ALIGN (0x4)

.preinit_array  0x080052f4        0x0
                0x080052f4                        . = ALIGN (0x4)
                0x080052f4                        PROVIDE (__preinit_array_start = .)
 *(.preinit_array*)
                0x080052f4                        PROVIDE (__preinit_array_end = .)
                0x080052f4                        . = ALIGN (0x4)

.init_array     0x080052f4        0x4
                0x080052f4                        . = ALIGN (0x4)
                0x080052f4                        PROVIDE (__init_array_start = .)
 *(SORT_BY_NAME(.init_array.*))
 *(.init_array*)
 .init_array    0x080052f4        0x4 C:/ST/STM32CubeIDE_1.18.1/STM32CubeIDE/plugins/com.st.stm32cube.ide.mcu.externaltools.gnu-tools-for-stm32.13.3.rel1.win32_1.0.0.202411081344/tools/bin/../lib/gcc/arm-none-eabi/13.3.1/thumb/v7e-m+fp/hard/crtbegin.o
                0x080052f8                        PROVIDE (__init_array_end = .)
                0x080052f8                        . = ALIGN (0x4)

.fini_array     0x080052f8        0x4
                0x080052f8                        . = ALIGN (0x4)
                [!provide]                        PROVIDE (__fini_array_start = .)
 *(SORT_BY_NAME(.fini_array.*))
 *(.fini_array*)
 .fini_array    0x080052f8        0x4 C:/ST/STM32CubeIDE_1.18.1/STM32CubeIDE/plugins/com.st.stm32cube.ide.mcu.externaltools.gnu-tools-for-stm32.13.3.rel1.win32_1.0.0.202411081344/tools/bin/../lib/gcc/arm-none-eabi/13.3.1/thumb/v7e-m+fp/hard/crtbegin.o
                [!provide]                        PROVIDE (__fini_array_end = .)
                0x080052fc                        . = ALIGN (0x4)
                0x080052fc                        _sidata = LOADADDR (.data)

.rel.dyn        0x080052fc        0x0
 .rel.iplt      0x080052fc        0x0 C:/ST/STM32CubeIDE_1.18.1/STM32CubeIDE/plugins/com.st.stm32cube.ide.mcu.externaltools.gnu-tools-for-stm32.13.3.rel1.win32_1.0.0.202411081344/tools/bin/../lib/gcc/arm-none-eabi/13.3.1/thumb/v7e-m+fp/hard/crtbegin.o

.data           0x20000000       0x14 load address 0x080052fc
                0x20000000                        . = ALIGN (0x4)
                0x20000000                        _sdata = .
 *(.data)
 *(.data*)
 .data.casilla_n
                0x20000000        0x1 ./Core/Src/main.o
                0x20000000                casilla_n
 *fill*         0x20000001        0x1 
 .data.sensor_izq_min
                0x20000002        0x2 ./Core/Src/main.o
                0x20000002                sensor_izq_min
 .data.sensor_der_min
                0x20000004        0x2 ./Core/Src/main.o
                0x20000004                sensor_der_min
 .data.ultima_lectura_valida.0
                0x20000006        0x1 ./Core/Src/main.o
 *fill*         0x20000007        0x1 
 .data.SystemCoreClock
                0x20000008        0x4 ./Core/Src/system_stm32f4xx.o
                0x20000008                SystemCoreClock
 .data.uwTickPrio
                0x2000000c        0x4 ./Drivers/STM32F4xx_HAL_Driver/Src/stm32f4xx_hal.o
                0x2000000c                uwTickPrio
 .data.uwTickFreq
                0x20000010        0x1 ./Drivers/STM32F4xx_HAL_Driver/Src/stm32f4xx_hal.o
                0x20000010                uwTickFreq
 *(.RamFunc)
 *(.RamFunc*)
                0x20000014                        . = ALIGN (0x4)
 *fill*         0x20000011        0x3 
                0x20000014                        _edata = .
                0x08005310                        _siccmram = LOADADDR (.ccmram)

.igot.plt       0x20000014        0x0 load address 0x08005310
 .igot.plt      0x20000014        0x0 C:/ST/STM32CubeIDE_1.18.1/STM32CubeIDE/plugins/com.st.stm32cube.ide.mcu.externaltools.gnu-tools-for-stm32.13.3.rel1.win32_1.0.0.202411081344/tools/bin/../lib/gcc/arm-none-eabi/13.3.1/thumb/v7e-m+fp/hard/crtbegin.o

.ccmram         0x10000000        0x0 load address 0x08005310
                0x10000000                        . = ALIGN (0x4)
                0x10000000                        _sccmram = .
 *(.ccmram)
 *(.ccmram*)
                0x10000000                        . = ALIGN (0x4)
                0x10000000                        _eccmram = .
                0x10000000                        . = ALIGN (0x4)

.bss            0x20000014      0x1cc
                0x20000014                        _sbss = .
                0x20000014                        __bss_start__ = _sbss
 *(.bss)
 .bss           0x20000014       0x1c C:/ST/STM32CubeIDE_1.18.1/STM32CubeIDE/plugins/com.st.stm32cube.ide.mcu.externaltools.gnu-tools-for-stm32.13.3.rel1.win32_1.0.0.202411081344/tools/bin/../lib/gcc/arm-none-eabi/13.3.1/thumb/v7e-m+fp/hard/crtbegin.o
 *(.bss*)
 .bss.hadc1     0x20000030       0x48 ./Core/Src/main.o
                0x20000030                hadc1
 .bss.hdma_adc1
                0x20000078       0x60 ./Core/Src/main.o
                0x20000078                hdma_adc1
 .bss.htim3     0x200000d8       0x48 ./Core/Src/main.o
                0x200000d8                htim3
 .bss.ubicacion
                0x20000120        0x1 ./Core/Src/main.o
                0x20000120                ubicacion
 .bss.orientacion_actual
                0x20000121        0x1 ./Core/Src/main.o
                0x20000121                orientacion_actual
 .bss.orientacion_futura
                0x20000122        0x1 ./Core/Src/main.o
                0x20000122                orientacion_futura
 .bss.giro      0x20000123        0x1 ./Core/Src/main.o
                0x20000123                giro
 .bss.peso      0x20000124       0x10 ./Core/Src/main.o
                0x20000124                peso
 .bss.pared     0x20000134       0x10 ./Core/Src/main.o
                0x20000134                pared
 .bss.contador_casillas
                0x20000144        0x1 ./Core/Src/main.o
                0x20000144                contador_casillas
 .bss.prueba    0x20000145        0x1 ./Core/Src/main.o
                0x20000145                prueba
 .bss.contador_giros
                0x20000146        0x1 ./Core/Src/main.o
                0x20000146                contador_giros
 *fill*         0x20000147        0x1 
 .bss.sensor_izq_max
                0x20000148        0x2 ./Core/Src/main.o
                0x20000148                sensor_izq_max
 .bss.sensor_der_max
                0x2000014a        0x2 ./Core/Src/main.o
                0x2000014a                sensor_der_max
 .bss.margen_i  0x2000014c        0x2 ./Core/Src/main.o
                0x2000014c                margen_i
 .bss.margen_d  0x2000014e        0x2 ./Core/Src/main.o
                0x2000014e                margen_d
 .bss.tiempo_inicio
                0x20000150        0x4 ./Core/Src/main.o
                0x20000150                tiempo_inicio
 .bss.solicitud_actualizar
                0x20000154        0x1 ./Core/Src/main.o
                0x20000154                solicitud_actualizar
 .bss.filtrado  0x20000155        0x1 ./Core/Src/main.o
                0x20000155                filtrado
 *fill*         0x20000156        0x2 
 .bss.dma_buffer
                0x20000158       0x80 ./Core/Src/main.o
                0x20000158                dma_buffer
 .bss.sensor_izq_avg
                0x200001d8        0x2 ./Core/Src/main.o
                0x200001d8                sensor_izq_avg
 .bss.sensor_der_avg
                0x200001da        0x2 ./Core/Src/main.o
                0x200001da                sensor_der_avg
 .bss.uwTick    0x200001dc        0x4 ./Drivers/STM32F4xx_HAL_Driver/Src/stm32f4xx_hal.o
                0x200001dc                uwTick
 *(COMMON)
                0x200001e0                        . = ALIGN (0x4)
                0x200001e0                        _ebss = .
                0x200001e0                        __bss_end__ = _ebss

._user_heap_stack
                0x200001e0      0x600
                0x200001e0                        . = ALIGN (0x8)
                [!provide]                        PROVIDE (end = .)
                0x200001e0                        PROVIDE (_end = .)
                0x200003e0                        . = (. + _Min_Heap_Size)
 *fill*         0x200001e0      0x200 
                0x200007e0                        . = (. + _Min_Stack_Size)
 *fill*         0x200003e0      0x400 
                0x200007e0                        . = ALIGN (0x8)

/DISCARD/
 libc.a(*)
 libm.a(*)
 libgcc.a(*)

.ARM.attributes
                0x00000000       0x30
 *(.ARM.attributes)
 .ARM.attributes
                0x00000000       0x22 C:/ST/STM32CubeIDE_1.18.1/STM32CubeIDE/plugins/com.st.stm32cube.ide.mcu.externaltools.gnu-tools-for-stm32.13.3.rel1.win32_1.0.0.202411081344/tools/bin/../lib/gcc/arm-none-eabi/13.3.1/thumb/v7e-m+fp/hard/crti.o
 .ARM.attributes
                0x00000022       0x34 C:/ST/STM32CubeIDE_1.18.1/STM32CubeIDE/plugins/com.st.stm32cube.ide.mcu.externaltools.gnu-tools-for-stm32.13.3.rel1.win32_1.0.0.202411081344/tools/bin/../lib/gcc/arm-none-eabi/13.3.1/thumb/v7e-m+fp/hard/crtbegin.o
 .ARM.attributes
                0x00000056       0x34 ./Core/Src/main.o
 .ARM.attributes
                0x0000008a       0x34 ./Core/Src/stm32f4xx_hal_msp.o
 .ARM.attributes
                0x000000be       0x34 ./Core/Src/stm32f4xx_it.o
 .ARM.attributes
                0x000000f2       0x34 ./Core/Src/system_stm32f4xx.o
 .ARM.attributes
                0x00000126       0x21 ./Core/Startup/startup_stm32f407vgtx.o
 .ARM.attributes
                0x00000147       0x34 ./Drivers/STM32F4xx_HAL_Driver/Src/stm32f4xx_hal.o
 .ARM.attributes
                0x0000017b       0x34 ./Drivers/STM32F4xx_HAL_Driver/Src/stm32f4xx_hal_adc.o
 .ARM.attributes
                0x000001af       0x34 ./Drivers/STM32F4xx_HAL_Driver/Src/stm32f4xx_hal_cortex.o
 .ARM.attributes
                0x000001e3       0x34 ./Drivers/STM32F4xx_HAL_Driver/Src/stm32f4xx_hal_dma.o
 .ARM.attributes
                0x00000217       0x34 ./Drivers/STM32F4xx_HAL_Driver/Src/stm32f4xx_hal_gpio.o
 .ARM.attributes
                0x0000024b       0x34 ./Drivers/STM32F4xx_HAL_Driver/Src/stm32f4xx_hal_rcc.o
 .ARM.attributes
                0x0000027f       0x34 ./Drivers/STM32F4xx_HAL_Driver/Src/stm32f4xx_hal_tim.o
 .ARM.attributes
                0x000002b3       0x34 ./Drivers/STM32F4xx_HAL_Driver/Src/stm32f4xx_hal_tim_ex.o
 .ARM.attributes
                0x000002e7       0x34 C:/ST/STM32CubeIDE_1.18.1/STM32CubeIDE/plugins/com.st.stm32cube.ide.mcu.externaltools.gnu-tools-for-stm32.13.3.rel1.win32_1.0.0.202411081344/tools/bin/../lib/gcc/arm-none-eabi/13.3.1/../../../../arm-none-eabi/lib/thumb/v7e-m+fp/hard\libc_nano.a(libc_a-memset.o)
 .ARM.attributes
                0x0000031b       0x34 C:/ST/STM32CubeIDE_1.18.1/STM32CubeIDE/plugins/com.st.stm32cube.ide.mcu.externaltools.gnu-tools-for-stm32.13.3.rel1.win32_1.0.0.202411081344/tools/bin/../lib/gcc/arm-none-eabi/13.3.1/../../../../arm-none-eabi/lib/thumb/v7e-m+fp/hard\libc_nano.a(libc_a-init.o)
 .ARM.attributes
                0x0000034f       0x22 C:/ST/STM32CubeIDE_1.18.1/STM32CubeIDE/plugins/com.st.stm32cube.ide.mcu.externaltools.gnu-tools-for-stm32.13.3.rel1.win32_1.0.0.202411081344/tools/bin/../lib/gcc/arm-none-eabi/13.3.1/thumb/v7e-m+fp/hard\libgcc.a(_arm_muldf3.o)
 .ARM.attributes
                0x00000371       0x22 C:/ST/STM32CubeIDE_1.18.1/STM32CubeIDE/plugins/com.st.stm32cube.ide.mcu.externaltools.gnu-tools-for-stm32.13.3.rel1.win32_1.0.0.202411081344/tools/bin/../lib/gcc/arm-none-eabi/13.3.1/thumb/v7e-m+fp/hard\libgcc.a(_arm_addsubdf3.o)
 .ARM.attributes
                0x00000393       0x22 C:/ST/STM32CubeIDE_1.18.1/STM32CubeIDE/plugins/com.st.stm32cube.ide.mcu.externaltools.gnu-tools-for-stm32.13.3.rel1.win32_1.0.0.202411081344/tools/bin/../lib/gcc/arm-none-eabi/13.3.1/thumb/v7e-m+fp/hard\libgcc.a(_arm_fixunsdfsi.o)
 .ARM.attributes
                0x000003b5       0x22 C:/ST/STM32CubeIDE_1.18.1/STM32CubeIDE/plugins/com.st.stm32cube.ide.mcu.externaltools.gnu-tools-for-stm32.13.3.rel1.win32_1.0.0.202411081344/tools/bin/../lib/gcc/arm-none-eabi/13.3.1/thumb/v7e-m+fp/hard\libgcc.a(_aeabi_uldivmod.o)
 .ARM.attributes
                0x000003d7       0x34 C:/ST/STM32CubeIDE_1.18.1/STM32CubeIDE/plugins/com.st.stm32cube.ide.mcu.externaltools.gnu-tools-for-stm32.13.3.rel1.win32_1.0.0.202411081344/tools/bin/../lib/gcc/arm-none-eabi/13.3.1/thumb/v7e-m+fp/hard\libgcc.a(_udivmoddi4.o)
 .ARM.attributes
                0x0000040b       0x22 C:/ST/STM32CubeIDE_1.18.1/STM32CubeIDE/plugins/com.st.stm32cube.ide.mcu.externaltools.gnu-tools-for-stm32.13.3.rel1.win32_1.0.0.202411081344/tools/bin/../lib/gcc/arm-none-eabi/13.3.1/thumb/v7e-m+fp/hard\libgcc.a(_dvmd_tls.o)
 .ARM.attributes
                0x0000042d       0x22 C:/ST/STM32CubeIDE_1.18.1/STM32CubeIDE/plugins/com.st.stm32cube.ide.mcu.externaltools.gnu-tools-for-stm32.13.3.rel1.win32_1.0.0.202411081344/tools/bin/../lib/gcc/arm-none-eabi/13.3.1/thumb/v7e-m+fp/hard/crtn.o
OUTPUT(DreamTeam.elf elf32-littlearm)
LOAD linker stubs
LOAD C:/ST/STM32CubeIDE_1.18.1/STM32CubeIDE/plugins/com.st.stm32cube.ide.mcu.externaltools.gnu-tools-for-stm32.13.3.rel1.win32_1.0.0.202411081344/tools/bin/../lib/gcc/arm-none-eabi/13.3.1/../../../../arm-none-eabi/lib/thumb/v7e-m+fp/hard\libc.a
LOAD C:/ST/STM32CubeIDE_1.18.1/STM32CubeIDE/plugins/com.st.stm32cube.ide.mcu.externaltools.gnu-tools-for-stm32.13.3.rel1.win32_1.0.0.202411081344/tools/bin/../lib/gcc/arm-none-eabi/13.3.1/../../../../arm-none-eabi/lib/thumb/v7e-m+fp/hard\libm.a
LOAD C:/ST/STM32CubeIDE_1.18.1/STM32CubeIDE/plugins/com.st.stm32cube.ide.mcu.externaltools.gnu-tools-for-stm32.13.3.rel1.win32_1.0.0.202411081344/tools/bin/../lib/gcc/arm-none-eabi/13.3.1/thumb/v7e-m+fp/hard\libgcc.a

.debug_info     0x00000000     0xac5c
 .debug_info    0x00000000     0x1b08 ./Core/Src/main.o
 .debug_info    0x00001b08      0xd97 ./Core/Src/stm32f4xx_hal_msp.o
 .debug_info    0x0000289f      0x3e3 ./Core/Src/stm32f4xx_it.o
 .debug_info    0x00002c82      0x512 ./Core/Src/system_stm32f4xx.o
 .debug_info    0x00003194       0x30 ./Core/Startup/startup_stm32f407vgtx.o
 .debug_info    0x000031c4      0x944 ./Drivers/STM32F4xx_HAL_Driver/Src/stm32f4xx_hal.o
 .debug_info    0x00003b08      0xce3 ./Drivers/STM32F4xx_HAL_Driver/Src/stm32f4xx_hal_adc.o
 .debug_info    0x000047eb      0xd8c ./Drivers/STM32F4xx_HAL_Driver/Src/stm32f4xx_hal_cortex.o
 .debug_info    0x00005577      0x8e7 ./Drivers/STM32F4xx_HAL_Driver/Src/stm32f4xx_hal_dma.o
 .debug_info    0x00005e5e      0x6c3 ./Drivers/STM32F4xx_HAL_Driver/Src/stm32f4xx_hal_gpio.o
 .debug_info    0x00006521      0x8c3 ./Drivers/STM32F4xx_HAL_Driver/Src/stm32f4xx_hal_rcc.o
 .debug_info    0x00006de4     0x299d ./Drivers/STM32F4xx_HAL_Driver/Src/stm32f4xx_hal_tim.o
 .debug_info    0x00009781     0x14db ./Drivers/STM32F4xx_HAL_Driver/Src/stm32f4xx_hal_tim_ex.o

.debug_abbrev   0x00000000     0x1b4a
 .debug_abbrev  0x00000000      0x2f9 ./Core/Src/main.o
 .debug_abbrev  0x000002f9      0x228 ./Core/Src/stm32f4xx_hal_msp.o
 .debug_abbrev  0x00000521      0x17e ./Core/Src/stm32f4xx_it.o
 .debug_abbrev  0x0000069f      0x11a ./Core/Src/system_stm32f4xx.o
 .debug_abbrev  0x000007b9       0x24 ./Core/Startup/startup_stm32f407vgtx.o
 .debug_abbrev  0x000007dd      0x214 ./Drivers/STM32F4xx_HAL_Driver/Src/stm32f4xx_hal.o
 .debug_abbrev  0x000009f1      0x252 ./Drivers/STM32F4xx_HAL_Driver/Src/stm32f4xx_hal_adc.o
 .debug_abbrev  0x00000c43      0x31d ./Drivers/STM32F4xx_HAL_Driver/Src/stm32f4xx_hal_cortex.o
 .debug_abbrev  0x00000f60      0x264 ./Drivers/STM32F4xx_HAL_Driver/Src/stm32f4xx_hal_dma.o
 .debug_abbrev  0x000011c4      0x1d4 ./Drivers/STM32F4xx_HAL_Driver/Src/stm32f4xx_hal_gpio.o
 .debug_abbrev  0x00001398      0x2b7 ./Drivers/STM32F4xx_HAL_Driver/Src/stm32f4xx_hal_rcc.o
 .debug_abbrev  0x0000164f      0x278 ./Drivers/STM32F4xx_HAL_Driver/Src/stm32f4xx_hal_tim.o
 .debug_abbrev  0x000018c7      0x283 ./Drivers/STM32F4xx_HAL_Driver/Src/stm32f4xx_hal_tim_ex.o

.debug_aranges  0x00000000      0xbf0
 .debug_aranges
                0x00000000      0x138 ./Core/Src/main.o
 .debug_aranges
                0x00000138       0x48 ./Core/Src/stm32f4xx_hal_msp.o
 .debug_aranges
                0x00000180       0x70 ./Core/Src/stm32f4xx_it.o
 .debug_aranges
                0x000001f0       0x28 ./Core/Src/system_stm32f4xx.o
 .debug_aranges
                0x00000218       0x28 ./Core/Startup/startup_stm32f407vgtx.o
 .debug_aranges
                0x00000240       0xf0 ./Drivers/STM32F4xx_HAL_Driver/Src/stm32f4xx_hal.o
 .debug_aranges
                0x00000330       0xe8 ./Drivers/STM32F4xx_HAL_Driver/Src/stm32f4xx_hal_adc.o
 .debug_aranges
                0x00000418      0x130 ./Drivers/STM32F4xx_HAL_Driver/Src/stm32f4xx_hal_cortex.o
 .debug_aranges
                0x00000548       0x90 ./Drivers/STM32F4xx_HAL_Driver/Src/stm32f4xx_hal_dma.o
 .debug_aranges
                0x000005d8       0x58 ./Drivers/STM32F4xx_HAL_Driver/Src/stm32f4xx_hal_gpio.o
 .debug_aranges
                0x00000630       0x88 ./Drivers/STM32F4xx_HAL_Driver/Src/stm32f4xx_hal_rcc.o
 .debug_aranges
                0x000006b8      0x3d0 ./Drivers/STM32F4xx_HAL_Driver/Src/stm32f4xx_hal_tim.o
 .debug_aranges
                0x00000a88      0x168 ./Drivers/STM32F4xx_HAL_Driver/Src/stm32f4xx_hal_tim_ex.o

.debug_rnglists
                0x00000000      0x93d
 .debug_rnglists
                0x00000000       0xf1 ./Core/Src/main.o
 .debug_rnglists
                0x000000f1       0x32 ./Core/Src/stm32f4xx_hal_msp.o
 .debug_rnglists
                0x00000123       0x4f ./Core/Src/stm32f4xx_it.o
 .debug_rnglists
                0x00000172       0x1a ./Core/Src/system_stm32f4xx.o
 .debug_rnglists
                0x0000018c       0x19 ./Core/Startup/startup_stm32f407vgtx.o
 .debug_rnglists
                0x000001a5       0xaf ./Drivers/STM32F4xx_HAL_Driver/Src/stm32f4xx_hal.o
 .debug_rnglists
                0x00000254       0xb5 ./Drivers/STM32F4xx_HAL_Driver/Src/stm32f4xx_hal_adc.o
 .debug_rnglists
                0x00000309       0xe0 ./Drivers/STM32F4xx_HAL_Driver/Src/stm32f4xx_hal_cortex.o
 .debug_rnglists
                0x000003e9       0x70 ./Drivers/STM32F4xx_HAL_Driver/Src/stm32f4xx_hal_dma.o
 .debug_rnglists
                0x00000459       0x3f ./Drivers/STM32F4xx_HAL_Driver/Src/stm32f4xx_hal_gpio.o
 .debug_rnglists
                0x00000498       0x66 ./Drivers/STM32F4xx_HAL_Driver/Src/stm32f4xx_hal_rcc.o
 .debug_rnglists
                0x000004fe      0x31a ./Drivers/STM32F4xx_HAL_Driver/Src/stm32f4xx_hal_tim.o
 .debug_rnglists
                0x00000818      0x125 ./Drivers/STM32F4xx_HAL_Driver/Src/stm32f4xx_hal_tim_ex.o

.debug_macro    0x00000000    0x213c8
 .debug_macro   0x00000000      0x294 ./Core/Src/main.o
 .debug_macro   0x00000294      0xad8 ./Core/Src/main.o
 .debug_macro   0x00000d6c      0x29b ./Core/Src/main.o
 .debug_macro   0x00001007       0x2e ./Core/Src/main.o
 .debug_macro   0x00001035       0x2f ./Core/Src/main.o
 .debug_macro   0x00001064       0x22 ./Core/Src/main.o
 .debug_macro   0x00001086       0x8e ./Core/Src/main.o
 .debug_macro   0x00001114       0x51 ./Core/Src/main.o
 .debug_macro   0x00001165      0x103 ./Core/Src/main.o
 .debug_macro   0x00001268       0x6a ./Core/Src/main.o
 .debug_macro   0x000012d2      0x1df ./Core/Src/main.o
 .debug_macro   0x000014b1       0x1c ./Core/Src/main.o
 .debug_macro   0x000014cd       0x22 ./Core/Src/main.o
 .debug_macro   0x000014ef       0xfb ./Core/Src/main.o
 .debug_macro   0x000015ea     0x1011 ./Core/Src/main.o
 .debug_macro   0x000025fb      0x11f ./Core/Src/main.o
 .debug_macro   0x0000271a    0x15ea5 ./Core/Src/main.o
 .debug_macro   0x000185bf       0x6d ./Core/Src/main.o
 .debug_macro   0x0001862c     0x3693 ./Core/Src/main.o
 .debug_macro   0x0001bcbf      0x190 ./Core/Src/main.o
 .debug_macro   0x0001be4f       0x5c ./Core/Src/main.o
 .debug_macro   0x0001beab      0x980 ./Core/Src/main.o
 .debug_macro   0x0001c82b      0x9e9 ./Core/Src/main.o
 .debug_macro   0x0001d214      0x115 ./Core/Src/main.o
 .debug_macro   0x0001d329      0x13e ./Core/Src/main.o
 .debug_macro   0x0001d467       0xa5 ./Core/Src/main.o
 .debug_macro   0x0001d50c      0x174 ./Core/Src/main.o
 .debug_macro   0x0001d680      0x287 ./Core/Src/main.o
 .debug_macro   0x0001d907       0x5f ./Core/Src/main.o
 .debug_macro   0x0001d966      0x236 ./Core/Src/main.o
 .debug_macro   0x0001db9c      0xb5b ./Core/Src/main.o
 .debug_macro   0x0001e6f7      0x38b ./Core/Src/main.o
 .debug_macro   0x0001ea82      0x176 ./Core/Src/main.o
 .debug_macro   0x0001ebf8       0xf9 ./Core/Src/main.o
 .debug_macro   0x0001ecf1      0x12c ./Core/Src/main.o
 .debug_macro   0x0001ee1d      0x21e ./Core/Src/main.o
 .debug_macro   0x0001f03b       0x2e ./Core/Src/main.o
 .debug_macro   0x0001f069      0x127 ./Core/Src/main.o
 .debug_macro   0x0001f190       0x7e ./Core/Src/main.o
 .debug_macro   0x0001f20e       0x89 ./Core/Src/main.o
 .debug_macro   0x0001f297      0x8ed ./Core/Src/main.o
 .debug_macro   0x0001fb84       0x4d ./Core/Src/main.o
 .debug_macro   0x0001fbd1      0x12d ./Core/Src/main.o
 .debug_macro   0x0001fcfe       0xca ./Core/Src/main.o
 .debug_macro   0x0001fdc8       0x22 ./Core/Src/main.o
 .debug_macro   0x0001fdea      0x1fb ./Core/Src/stm32f4xx_hal_msp.o
 .debug_macro   0x0001ffe5      0x205 ./Core/Src/stm32f4xx_it.o
 .debug_macro   0x000201ea      0x1ec ./Core/Src/system_stm32f4xx.o
 .debug_macro   0x000203d6      0x24c ./Drivers/STM32F4xx_HAL_Driver/Src/stm32f4xx_hal.o
 .debug_macro   0x00020622      0x1ed ./Drivers/STM32F4xx_HAL_Driver/Src/stm32f4xx_hal_adc.o
 .debug_macro   0x0002080f      0x1ec ./Drivers/STM32F4xx_HAL_Driver/Src/stm32f4xx_hal_cortex.o
 .debug_macro   0x000209fb      0x1f2 ./Drivers/STM32F4xx_HAL_Driver/Src/stm32f4xx_hal_dma.o
 .debug_macro   0x00020bed      0x1f2 ./Drivers/STM32F4xx_HAL_Driver/Src/stm32f4xx_hal_gpio.o
 .debug_macro   0x00020ddf      0x210 ./Drivers/STM32F4xx_HAL_Driver/Src/stm32f4xx_hal_rcc.o
 .debug_macro   0x00020fef      0x1ed ./Drivers/STM32F4xx_HAL_Driver/Src/stm32f4xx_hal_tim.o
 .debug_macro   0x000211dc      0x1ec ./Drivers/STM32F4xx_HAL_Driver/Src/stm32f4xx_hal_tim_ex.o

.debug_line     0x00000000     0xd3f1
 .debug_line    0x00000000     0x1521 ./Core/Src/main.o
 .debug_line    0x00001521      0x850 ./Core/Src/stm32f4xx_hal_msp.o
 .debug_line    0x00001d71      0x854 ./Core/Src/stm32f4xx_it.o
 .debug_line    0x000025c5      0x7eb ./Core/Src/system_stm32f4xx.o
 .debug_line    0x00002db0       0x7a ./Core/Startup/startup_stm32f407vgtx.o
 .debug_line    0x00002e2a      0xa67 ./Drivers/STM32F4xx_HAL_Driver/Src/stm32f4xx_hal.o
 .debug_line    0x00003891     0x127e ./Drivers/STM32F4xx_HAL_Driver/Src/stm32f4xx_hal_adc.o
 .debug_line    0x00004b0f      0xd37 ./Drivers/STM32F4xx_HAL_Driver/Src/stm32f4xx_hal_cortex.o
 .debug_line    0x00005846      0xfd3 ./Drivers/STM32F4xx_HAL_Driver/Src/stm32f4xx_hal_dma.o
 .debug_line    0x00006819      0xbbf ./Drivers/STM32F4xx_HAL_Driver/Src/stm32f4xx_hal_gpio.o
 .debug_line    0x000073d8      0xe76 ./Drivers/STM32F4xx_HAL_Driver/Src/stm32f4xx_hal_rcc.o
 .debug_line    0x0000824e     0x37dc ./Drivers/STM32F4xx_HAL_Driver/Src/stm32f4xx_hal_tim.o
 .debug_line    0x0000ba2a     0x19c7 ./Drivers/STM32F4xx_HAL_Driver/Src/stm32f4xx_hal_tim_ex.o

.debug_str      0x00000000    0xd2396
 .debug_str     0x00000000    0xd2396 ./Core/Src/main.o
                              0xd0048 (size before relaxing)
 .debug_str     0x000d2396    0xcf29c ./Core/Src/stm32f4xx_hal_msp.o
 .debug_str     0x000d2396    0xceca5 ./Core/Src/stm32f4xx_it.o
 .debug_str     0x000d2396    0xce75a ./Core/Src/system_stm32f4xx.o
 .debug_str     0x000d2396       0xae ./Core/Startup/startup_stm32f407vgtx.o
 .debug_str     0x000d2396    0xcf2de ./Drivers/STM32F4xx_HAL_Driver/Src/stm32f4xx_hal.o
 .debug_str     0x000d2396    0xced47 ./Drivers/STM32F4xx_HAL_Driver/Src/stm32f4xx_hal_adc.o
 .debug_str     0x000d2396    0xcf05a ./Drivers/STM32F4xx_HAL_Driver/Src/stm32f4xx_hal_cortex.o
 .debug_str     0x000d2396    0xceb74 ./Drivers/STM32F4xx_HAL_Driver/Src/stm32f4xx_hal_dma.o
 .debug_str     0x000d2396    0xce8d5 ./Drivers/STM32F4xx_HAL_Driver/Src/stm32f4xx_hal_gpio.o
 .debug_str     0x000d2396    0xceb8e ./Drivers/STM32F4xx_HAL_Driver/Src/stm32f4xx_hal_rcc.o
 .debug_str     0x000d2396    0xcfae4 ./Drivers/STM32F4xx_HAL_Driver/Src/stm32f4xx_hal_tim.o
 .debug_str     0x000d2396    0xcf2fc ./Drivers/STM32F4xx_HAL_Driver/Src/stm32f4xx_hal_tim_ex.o

.comment        0x00000000       0x43
 .comment       0x00000000       0x43 ./Core/Src/main.o
                                 0x44 (size before relaxing)
 .comment       0x00000043       0x44 ./Core/Src/stm32f4xx_hal_msp.o
 .comment       0x00000043       0x44 ./Core/Src/stm32f4xx_it.o
 .comment       0x00000043       0x44 ./Core/Src/system_stm32f4xx.o
 .comment       0x00000043       0x44 ./Drivers/STM32F4xx_HAL_Driver/Src/stm32f4xx_hal.o
 .comment       0x00000043       0x44 ./Drivers/STM32F4xx_HAL_Driver/Src/stm32f4xx_hal_adc.o
 .comment       0x00000043       0x44 ./Drivers/STM32F4xx_HAL_Driver/Src/stm32f4xx_hal_cortex.o
 .comment       0x00000043       0x44 ./Drivers/STM32F4xx_HAL_Driver/Src/stm32f4xx_hal_dma.o
 .comment       0x00000043       0x44 ./Drivers/STM32F4xx_HAL_Driver/Src/stm32f4xx_hal_gpio.o
 .comment       0x00000043       0x44 ./Drivers/STM32F4xx_HAL_Driver/Src/stm32f4xx_hal_rcc.o
 .comment       0x00000043       0x44 ./Drivers/STM32F4xx_HAL_Driver/Src/stm32f4xx_hal_tim.o
 .comment       0x00000043       0x44 ./Drivers/STM32F4xx_HAL_Driver/Src/stm32f4xx_hal_tim_ex.o

.debug_frame    0x00000000     0x32ec
 .debug_frame   0x00000000      0x4bc ./Core/Src/main.o
 .debug_frame   0x000004bc       0xf0 ./Core/Src/stm32f4xx_hal_msp.o
 .debug_frame   0x000005ac      0x13c ./Core/Src/stm32f4xx_it.o
 .debug_frame   0x000006e8       0x58 ./Core/Src/system_stm32f4xx.o
 .debug_frame   0x00000740      0x374 ./Drivers/STM32F4xx_HAL_Driver/Src/stm32f4xx_hal.o
 .debug_frame   0x00000ab4      0x3fc ./Drivers/STM32F4xx_HAL_Driver/Src/stm32f4xx_hal_adc.o
 .debug_frame   0x00000eb0      0x508 ./Drivers/STM32F4xx_HAL_Driver/Src/stm32f4xx_hal_cortex.o
 .debug_frame   0x000013b8      0x250 ./Drivers/STM32F4xx_HAL_Driver/Src/stm32f4xx_hal_dma.o
 .debug_frame   0x00001608      0x14c ./Drivers/STM32F4xx_HAL_Driver/Src/stm32f4xx_hal_gpio.o
 .debug_frame   0x00001754      0x1f4 ./Drivers/STM32F4xx_HAL_Driver/Src/stm32f4xx_hal_rcc.o
 .debug_frame   0x00001948     0x11c0 ./Drivers/STM32F4xx_HAL_Driver/Src/stm32f4xx_hal_tim.o
 .debug_frame   0x00002b08      0x638 ./Drivers/STM32F4xx_HAL_Driver/Src/stm32f4xx_hal_tim_ex.o
 .debug_frame   0x00003140       0x20 C:/ST/STM32CubeIDE_1.18.1/STM32CubeIDE/plugins/com.st.stm32cube.ide.mcu.externaltools.gnu-tools-for-stm32.13.3.rel1.win32_1.0.0.202411081344/tools/bin/../lib/gcc/arm-none-eabi/13.3.1/../../../../arm-none-eabi/lib/thumb/v7e-m+fp/hard\libc_nano.a(libc_a-memset.o)
 .debug_frame   0x00003160       0x2c C:/ST/STM32CubeIDE_1.18.1/STM32CubeIDE/plugins/com.st.stm32cube.ide.mcu.externaltools.gnu-tools-for-stm32.13.3.rel1.win32_1.0.0.202411081344/tools/bin/../lib/gcc/arm-none-eabi/13.3.1/../../../../arm-none-eabi/lib/thumb/v7e-m+fp/hard\libc_nano.a(libc_a-init.o)
 .debug_frame   0x0000318c       0x30 C:/ST/STM32CubeIDE_1.18.1/STM32CubeIDE/plugins/com.st.stm32cube.ide.mcu.externaltools.gnu-tools-for-stm32.13.3.rel1.win32_1.0.0.202411081344/tools/bin/../lib/gcc/arm-none-eabi/13.3.1/thumb/v7e-m+fp/hard\libgcc.a(_arm_muldf3.o)
 .debug_frame   0x000031bc       0xac C:/ST/STM32CubeIDE_1.18.1/STM32CubeIDE/plugins/com.st.stm32cube.ide.mcu.externaltools.gnu-tools-for-stm32.13.3.rel1.win32_1.0.0.202411081344/tools/bin/../lib/gcc/arm-none-eabi/13.3.1/thumb/v7e-m+fp/hard\libgcc.a(_arm_addsubdf3.o)
 .debug_frame   0x00003268       0x24 C:/ST/STM32CubeIDE_1.18.1/STM32CubeIDE/plugins/com.st.stm32cube.ide.mcu.externaltools.gnu-tools-for-stm32.13.3.rel1.win32_1.0.0.202411081344/tools/bin/../lib/gcc/arm-none-eabi/13.3.1/thumb/v7e-m+fp/hard\libgcc.a(_arm_fixunsdfsi.o)
 .debug_frame   0x0000328c       0x2c C:/ST/STM32CubeIDE_1.18.1/STM32CubeIDE/plugins/com.st.stm32cube.ide.mcu.externaltools.gnu-tools-for-stm32.13.3.rel1.win32_1.0.0.202411081344/tools/bin/../lib/gcc/arm-none-eabi/13.3.1/thumb/v7e-m+fp/hard\libgcc.a(_aeabi_uldivmod.o)
 .debug_frame   0x000032b8       0x34 C:/ST/STM32CubeIDE_1.18.1/STM32CubeIDE/plugins/com.st.stm32cube.ide.mcu.externaltools.gnu-tools-for-stm32.13.3.rel1.win32_1.0.0.202411081344/tools/bin/../lib/gcc/arm-none-eabi/13.3.1/thumb/v7e-m+fp/hard\libgcc.a(_udivmoddi4.o)

.debug_line_str
                0x00000000       0x92
 .debug_line_str
                0x00000000       0x92 ./Core/Startup/startup_stm32f407vgtx.o
