../Core/Src/main.c:190:5:main	8	static
../Core/Src/main.c:348:6:SystemClock_Config	88	static
../Core/Src/main.c:391:13:MX_ADC1_Init	24	static
../Core/Src/main.c:448:13:MX_TIM3_Init	64	static
../Core/Src/main.c:504:13:MX_UART5_Init	8	static
../Core/Src/main.c:533:13:MX_DMA_Init	16	static
../Core/Src/main.c:550:13:MX_GPIO_Init	48	static
../Core/Src/main.c:622:6:eliminar_repetidos	32	static
../Core/Src/main.c:642:6:de_reversa_mami	8	static
../Core/Src/main.c:664:6:ajuste_automatico	16	static
../Core/Src/main.c:695:6:prueba_rapida	8	static
../Core/Src/main.c:702:6:prueba_avanzar	8	static
../Core/Src/main.c:710:6:verificar_sensor	16	static
../Core/Src/main.c:726:6:programa_principal	8	static
../Core/Src/main.c:793:6:error	8	static
../Core/Src/main.c:804:9:obtener_orientacion_futura	16	static
../Core/Src/main.c:817:9:obtenerGiro	24	static
../Core/Src/main.c:835:9:act_ubicacion	16	static
../Core/Src/main.c:851:6:promediar	32	static
../Core/Src/main.c:861:6:HAL_ADC_ConvHalfCpltCallback	16	static
../Core/Src/main.c:866:6:HAL_ADC_ConvCpltCallback	16	static
../Core/Src/main.c:870:6:correccion_avanzar	8	static
../Core/Src/main.c:901:6:avanzar	8	static
../Core/Src/main.c:910:6:apagar_izquierda	8	static
../Core/Src/main.c:919:6:apagar_derecha	8	static
../Core/Src/main.c:928:6:mini_retroceso	8	static
../Core/Src/main.c:933:6:mini_avance	8	static
../Core/Src/main.c:939:6:ejecutarGiro	16	static
../Core/Src/main.c:1018:6:setMotorIzquierdo	16	static
../Core/Src/main.c:1034:6:setMotorDerecho	16	static
../Core/Src/main.c:1051:9:act_pared	16	static
../Core/Src/main.c:1073:6:act_pesos	32	static
../Core/Src/main.c:1103:9:calculo_minimo_peso	32	static
../Core/Src/main.c:1198:6:envio_ubicacion	16	static
../Core/Src/main.c:1207:6:envio_pared	8	static
../Core/Src/main.c:1214:6:envio_llegada	16	static
../Core/Src/main.c:1223:6:envio_casilla_n	16	static
../Core/Src/main.c:1230:6:filtrado_linea_funcion	16	static
../Core/Src/main.c:1240:6:HAL_GPIO_EXTI_Callback	16	static
../Core/Src/main.c:1261:6:Error_Handler	4	static,ignoring_inline_asm
