../Core/Src/main.c:166:5:main	8	static
../Core/Src/main.c:285:6:SystemClock_Config	88	static
../Core/Src/main.c:332:13:MX_ADC1_Init	24	static
../Core/Src/main.c:393:13:MX_TIM3_Init	64	static
../Core/Src/main.c:456:13:MX_UART5_Init	8	static
../Core/Src/main.c:487:13:MX_DMA_Init	16	static
../Core/Src/main.c:505:13:MX_GPIO_Init	48	static
../Core/Src/main.c:572:6:de_reversa_mami	8	static
../Core/Src/main.c:591:6:ajuste_automatico	16	static
../Core/Src/main.c:618:6:prueba_rapida	8	static
../Core/Src/main.c:625:6:prueba_avanzar	8	static
../Core/Src/main.c:633:6:programa_principal	8	static
../Core/Src/main.c:669:6:error	8	static
../Core/Src/main.c:680:9:obtener_orientacion_futura	16	static
../Core/Src/main.c:694:9:obtenerGiro	24	static
../Core/Src/main.c:710:9:act_ubicacion	16	static
../Core/Src/main.c:726:6:promediar	32	static
../Core/Src/main.c:736:6:HAL_ADC_ConvHalfCpltCallback	16	static
../Core/Src/main.c:741:6:HAL_ADC_ConvCpltCallback	16	static
../Core/Src/main.c:745:6:correccion_avanzar	8	static
../Core/Src/main.c:755:6:avanzar	8	static
../Core/Src/main.c:764:6:apagar_izquierda	8	static
../Core/Src/main.c:773:6:apagar_derecha	8	static
../Core/Src/main.c:782:6:mini_retroceso	8	static
../Core/Src/main.c:787:6:mini_avance	8	static
../Core/Src/main.c:793:6:ejecutarGiro	16	static
../Core/Src/main.c:852:6:setMotorIzquierdo	16	static
../Core/Src/main.c:868:6:setMotorDerecho	16	static
../Core/Src/main.c:885:9:act_pared	16	static
../Core/Src/main.c:907:6:act_pesos	32	static
../Core/Src/main.c:937:9:calculo_minimo_peso	32	static
../Core/Src/main.c:1024:6:filtrado_pared_funcion	16	static
../Core/Src/main.c:1034:6:filtrado_linea_funcion	16	static
../Core/Src/main.c:1044:6:HAL_GPIO_EXTI_Callback	16	static
../Core/Src/main.c:1055:6:envio_ubicacion	16	static
../Core/Src/main.c:1070:6:Error_Handler	4	static,ignoring_inline_asm
