../Core/Src/main.c:191:5:main	8	static
../Core/Src/main.c:373:6:SystemClock_Config	88	static
../Core/Src/main.c:416:13:MX_ADC1_Init	24	static
../Core/Src/main.c:473:13:MX_TIM3_Init	64	static
../Core/Src/main.c:529:13:MX_TIM14_Init	8	static
../Core/Src/main.c:558:13:MX_UART5_Init	8	static
../Core/Src/main.c:587:13:MX_DMA_Init	16	static
../Core/Src/main.c:604:13:MX_GPIO_Init	48	static
../Core/Src/main.c:676:6:HAL_TIM_PeriodElapsedCallback	16	static
../Core/Src/main.c:683:6:comprobacion	8	static
../Core/Src/main.c:705:6:eliminar_repetidos	32	static
../Core/Src/main.c:725:6:de_reversa_mami	8	static
../Core/Src/main.c:752:6:ajuste_automatico	16	static
../Core/Src/main.c:783:6:prueba_avanzar	8	static
../Core/Src/main.c:791:6:programa_principal	8	static
../Core/Src/main.c:881:9:obtener_orientacion_futura	16	static
../Core/Src/main.c:894:9:obtenerGiro	24	static
../Core/Src/main.c:912:9:act_ubicacion	16	static
../Core/Src/main.c:928:6:promediar	32	static
../Core/Src/main.c:938:6:HAL_ADC_ConvHalfCpltCallback	16	static
../Core/Src/main.c:943:6:HAL_ADC_ConvCpltCallback	16	static
../Core/Src/main.c:947:6:correccion_avanzar	8	static
../Core/Src/main.c:981:6:avanzar	8	static
../Core/Src/main.c:990:6:apagar_izquierda	8	static
../Core/Src/main.c:999:6:apagar_derecha	8	static
../Core/Src/main.c:1008:6:mini_retroceso	8	static
../Core/Src/main.c:1013:6:mini_avance	8	static
../Core/Src/main.c:1019:6:ejecutarGiro	16	static
../Core/Src/main.c:1097:6:setMotorIzquierdo	16	static
../Core/Src/main.c:1113:6:setMotorDerecho	16	static
../Core/Src/main.c:1130:9:act_pared	16	static
../Core/Src/main.c:1152:6:act_pesos	32	static
../Core/Src/main.c:1182:9:calculo_minimo_peso	32	static
../Core/Src/main.c:1277:6:envio_ubicacion	16	static
../Core/Src/main.c:1284:6:envio_pared	8	static
../Core/Src/main.c:1289:6:envio_llegada	8	static
../Core/Src/main.c:1297:6:envio_casilla_n	16	static
../Core/Src/main.c:1302:6:filtrado_linea_funcion	16	static
../Core/Src/main.c:1312:6:HAL_GPIO_EXTI_Callback	16	static
../Core/Src/main.c:1333:6:Error_Handler	4	static,ignoring_inline_asm
