../Core/Src/main.c:196:5:main	8	static
../Core/Src/main.c:361:6:SystemClock_Config	88	static
../Core/Src/main.c:408:13:MX_ADC1_Init	24	static
../Core/Src/main.c:469:13:MX_TIM3_Init	64	static
../Core/Src/main.c:532:13:MX_TIM14_Init	8	static
../Core/Src/main.c:563:13:MX_UART5_Init	8	static
../Core/Src/main.c:594:13:MX_DMA_Init	16	static
../Core/Src/main.c:612:13:MX_GPIO_Init	48	static
../Core/Src/main.c:685:6:HAL_TIM_PeriodElapsedCallback	16	static
../Core/Src/main.c:692:6:comprobacion	8	static
../Core/Src/main.c:714:6:eliminar_repetidos	32	static
../Core/Src/main.c:734:6:de_reversa_mami	8	static
../Core/Src/main.c:756:6:ajuste_automatico	16	static
../Core/Src/main.c:787:6:prueba_rapida	8	static
../Core/Src/main.c:794:6:prueba_avanzar	8	static
../Core/Src/main.c:802:6:verificar_sensor	16	static
../Core/Src/main.c:818:6:programa_principal	8	static
../Core/Src/main.c:897:6:error	8	static
../Core/Src/main.c:908:9:obtener_orientacion_futura	16	static
../Core/Src/main.c:921:9:obtenerGiro	24	static
../Core/Src/main.c:939:9:act_ubicacion	16	static
../Core/Src/main.c:955:6:promediar	32	static
../Core/Src/main.c:965:6:HAL_ADC_ConvHalfCpltCallback	16	static
../Core/Src/main.c:970:6:HAL_ADC_ConvCpltCallback	16	static
../Core/Src/main.c:974:6:correccion_avanzar	8	static
../Core/Src/main.c:1008:6:avanzar	8	static
../Core/Src/main.c:1017:6:apagar_izquierda	8	static
../Core/Src/main.c:1026:6:apagar_derecha	8	static
../Core/Src/main.c:1035:6:mini_retroceso	8	static
../Core/Src/main.c:1040:6:mini_avance	8	static
../Core/Src/main.c:1046:6:ejecutarGiro	16	static
../Core/Src/main.c:1125:6:setMotorIzquierdo	16	static
../Core/Src/main.c:1141:6:setMotorDerecho	16	static
../Core/Src/main.c:1158:9:act_pared	16	static
../Core/Src/main.c:1180:6:act_pesos	32	static
../Core/Src/main.c:1210:9:calculo_minimo_peso	32	static
../Core/Src/main.c:1305:6:envio_ubicacion	16	static
../Core/Src/main.c:1315:6:envio_pared	8	static
../Core/Src/main.c:1323:6:envio_llegada	16	static
../Core/Src/main.c:1333:6:envio_casilla_n	16	static
../Core/Src/main.c:1340:6:filtrado_linea_funcion	16	static
../Core/Src/main.c:1350:6:HAL_GPIO_EXTI_Callback	16	static
../Core/Src/main.c:1371:6:Error_Handler	4	static,ignoring_inline_asm
