../Core/Src/main.c:167:5:main	8	static
../Core/Src/main.c:293:6:SystemClock_Config	88	static
../Core/Src/main.c:340:13:MX_ADC1_Init	24	static
../Core/Src/main.c:401:13:MX_TIM3_Init	64	static
../Core/Src/main.c:464:13:MX_UART5_Init	8	static
../Core/Src/main.c:495:13:MX_DMA_Init	16	static
../Core/Src/main.c:513:13:MX_GPIO_Init	48	static
../Core/Src/main.c:580:6:de_reversa_mami	8	static
../Core/Src/main.c:599:6:ajuste_automatico	16	static
../Core/Src/main.c:626:6:prueba_rapida	8	static
../Core/Src/main.c:633:6:prueba_avanzar	8	static
../Core/Src/main.c:642:6:programa_principal	8	static
../Core/Src/main.c:680:6:error	8	static
../Core/Src/main.c:691:9:obtener_orientacion_futura	16	static
../Core/Src/main.c:705:9:obtenerGiro	24	static
../Core/Src/main.c:721:9:act_ubicacion	16	static
../Core/Src/main.c:737:6:promediar	32	static
../Core/Src/main.c:747:6:HAL_ADC_ConvHalfCpltCallback	16	static
../Core/Src/main.c:752:6:HAL_ADC_ConvCpltCallback	16	static
../Core/Src/main.c:756:6:correccion_avanzar	8	static
../Core/Src/main.c:766:6:avanzar	8	static
../Core/Src/main.c:775:6:apagar_izquierda	8	static
../Core/Src/main.c:784:6:apagar_derecha	8	static
../Core/Src/main.c:793:6:mini_retroceso	8	static
../Core/Src/main.c:798:6:mini_avance	8	static
../Core/Src/main.c:804:6:ejecutarGiro	16	static
../Core/Src/main.c:868:6:setMotorIzquierdo	16	static
../Core/Src/main.c:884:6:setMotorDerecho	16	static
../Core/Src/main.c:901:9:act_pared	16	static
../Core/Src/main.c:923:6:act_pesos	32	static
../Core/Src/main.c:953:9:calculo_minimo_peso	32	static
../Core/Src/main.c:1040:6:filtrado_pared_funcion	16	static
../Core/Src/main.c:1050:6:filtrado_linea_funcion	16	static
../Core/Src/main.c:1060:6:HAL_GPIO_EXTI_Callback	16	static
../Core/Src/main.c:1071:6:envio_ubicacion	16	static
../Core/Src/main.c:1086:6:Error_Handler	4	static,ignoring_inline_asm
