../Core/Src/main.c:144:5:main	8	static
../Core/Src/main.c:262:6:SystemClock_Config	88	static
../Core/Src/main.c:306:13:MX_ADC1_Init	24	static
../Core/Src/main.c:363:13:MX_TIM3_Init	64	static
../Core/Src/main.c:420:13:MX_DMA_Init	16	static
../Core/Src/main.c:437:13:MX_GPIO_Init	40	static
../Core/Src/main.c:483:6:ajuste_automatico	4	static
../Core/Src/main.c:507:6:prueba_avanzar	8	static
../Core/Src/main.c:514:6:prueba_giros_y_sensores	8	static
../Core/Src/main.c:550:6:prueba_casilla_n	8	static
../Core/Src/main.c:562:6:prueba_post_relleno	8	static
../Core/Src/main.c:572:6:programa_principal	8	static
../Core/Src/main.c:604:6:error	8	static
../Core/Src/main.c:615:9:obtener_orientacion_futura	16	static
../Core/Src/main.c:629:9:obtenerGiro	24	static
../Core/Src/main.c:645:9:act_ubicacion	16	static
../Core/Src/main.c:661:6:promediar	32	static
../Core/Src/main.c:671:6:HAL_ADC_ConvHalfCpltCallback	16	static
../Core/Src/main.c:676:6:HAL_ADC_ConvCpltCallback	16	static
../Core/Src/main.c:680:6:correccion_avanzar	8	static
../Core/Src/main.c:690:6:avanzar	8	static
../Core/Src/main.c:699:6:apagar_izquierda	8	static
../Core/Src/main.c:708:6:apagar_derecha	8	static
../Core/Src/main.c:717:6:mini_retroceso	8	static
../Core/Src/main.c:723:6:ejecutarGiro	16	static
../Core/Src/main.c:819:6:setMotorIzquierdo	16	static
../Core/Src/main.c:840:6:setMotorDerecho	16	static
../Core/Src/main.c:858:6:verificar_sensor	16	static
../Core/Src/main.c:883:9:act_pared	16	static
../Core/Src/main.c:905:6:act_pesos	32	static
../Core/Src/main.c:935:9:calculo_minimo_peso	32	static
../Core/Src/main.c:963:6:HAL_GPIO_EXTI_Callback	16	static
../Core/Src/main.c:973:6:Error_Handler	4	static,ignoring_inline_asm
