../Core/Src/main.c:179:5:main	8	static
../Core/Src/main.c:336:6:SystemClock_Config	88	static
../Core/Src/main.c:383:13:MX_ADC1_Init	24	static
../Core/Src/main.c:444:13:MX_TIM3_Init	64	static
../Core/Src/main.c:507:13:MX_UART5_Init	8	static
../Core/Src/main.c:538:13:MX_DMA_Init	16	static
../Core/Src/main.c:556:13:MX_GPIO_Init	48	static
../Core/Src/main.c:623:6:eliminar_repetidos	32	static
../Core/Src/main.c:643:6:de_reversa_mami	8	static
../Core/Src/main.c:659:6:ajuste_automatico	16	static
../Core/Src/main.c:686:6:prueba_rapida	8	static
../Core/Src/main.c:693:6:prueba_avanzar	8	static
../Core/Src/main.c:701:6:verificar_sensor	16	static
../Core/Src/main.c:717:6:programa_principal	8	static
../Core/Src/main.c:755:6:error	8	static
../Core/Src/main.c:766:9:obtener_orientacion_futura	16	static
../Core/Src/main.c:780:9:obtenerGiro	24	static
../Core/Src/main.c:796:9:act_ubicacion	16	static
../Core/Src/main.c:812:6:promediar	32	static
../Core/Src/main.c:822:6:HAL_ADC_ConvHalfCpltCallback	16	static
../Core/Src/main.c:827:6:HAL_ADC_ConvCpltCallback	16	static
../Core/Src/main.c:831:6:correccion_avanzar	8	static
../Core/Src/main.c:855:6:avanzar	8	static
../Core/Src/main.c:864:6:apagar_izquierda	8	static
../Core/Src/main.c:873:6:apagar_derecha	8	static
../Core/Src/main.c:882:6:mini_retroceso	8	static
../Core/Src/main.c:887:6:mini_avance	8	static
../Core/Src/main.c:893:6:ejecutarGiro	16	static
../Core/Src/main.c:967:6:setMotorIzquierdo	16	static
../Core/Src/main.c:983:6:setMotorDerecho	16	static
../Core/Src/main.c:1000:9:act_pared	16	static
../Core/Src/main.c:1022:6:act_pesos	32	static
../Core/Src/main.c:1052:9:calculo_minimo_peso	32	static
../Core/Src/main.c:1148:6:HAL_GPIO_EXTI_Callback	16	static
../Core/Src/main.c:1152:6:envio_ubicacion	16	static
../Core/Src/main.c:1161:6:envio_pared	8	static
../Core/Src/main.c:1168:6:envio_llegada	16	static
../Core/Src/main.c:1177:6:envio_casilla_n	16	static
../Core/Src/main.c:1201:6:Error_Handler	4	static,ignoring_inline_asm
