../Core/Src/main.c:132:5:main	8	static
../Core/Src/main.c:226:6:SystemClock_Config	88	static
../Core/Src/main.c:270:13:MX_ADC1_Init	24	static
../Core/Src/main.c:327:13:MX_TIM3_Init	64	static
../Core/Src/main.c:384:13:MX_DMA_Init	16	static
../Core/Src/main.c:401:13:MX_GPIO_Init	40	static
../Core/Src/main.c:447:6:prueba_avanzar	8	static
../Core/Src/main.c:451:6:prueba_giros_y_sensores	8	static
../Core/Src/main.c:486:6:prueba_casilla_n	8	static
../Core/Src/main.c:505:6:prueba_post_relleno	8	static
../Core/Src/main.c:515:6:programa_principal	8	static,ignoring_inline_asm
../Core/Src/main.c:537:6:error	8	static
../Core/Src/main.c:547:9:obtener_orientacion_futura	16	static
../Core/Src/main.c:560:9:obtenerGiro	24	static
../Core/Src/main.c:576:9:act_ubicacion	16	static
../Core/Src/main.c:592:6:promediar	32	static
../Core/Src/main.c:603:6:HAL_ADC_ConvHalfCpltCallback	16	static
../Core/Src/main.c:608:6:HAL_ADC_ConvCpltCallback	16	static
../Core/Src/main.c:612:6:correccion_avanzar	8	static
../Core/Src/main.c:623:6:mini_reversa	8	static
../Core/Src/main.c:632:6:avanzar	8	static
../Core/Src/main.c:641:6:apagar_izquierda	8	static
../Core/Src/main.c:650:6:apagar_derecha	8	static
../Core/Src/main.c:658:6:ejecutarGiro	16	static
../Core/Src/main.c:687:6:setMotorIzquierdo	16	static
../Core/Src/main.c:708:6:setMotorDerecho	16	static
../Core/Src/main.c:726:6:verificar_sensor	16	static
../Core/Src/main.c:750:9:act_pared	16	static
../Core/Src/main.c:772:6:act_pesos	32	static
../Core/Src/main.c:802:9:calculo_minimo_peso	32	static
../Core/Src/main.c:830:6:Error_Handler	4	static,ignoring_inline_asm
