../Core/Src/main.c:191:5:main	8	static
../Core/Src/main.c:349:6:SystemClock_Config	88	static
../Core/Src/main.c:392:13:MX_ADC1_Init	24	static
../Core/Src/main.c:449:13:MX_TIM3_Init	64	static
../Core/Src/main.c:505:13:MX_UART5_Init	8	static
../Core/Src/main.c:534:13:MX_DMA_Init	16	static
../Core/Src/main.c:551:13:MX_GPIO_Init	48	static
../Core/Src/main.c:623:6:eliminar_repetidos	32	static
../Core/Src/main.c:643:6:de_reversa_mami	8	static
../Core/Src/main.c:665:6:ajuste_automatico	16	static
../Core/Src/main.c:695:6:prueba_rapida	8	static
../Core/Src/main.c:702:6:prueba_avanzar	8	static
../Core/Src/main.c:710:6:verificar_sensor	16	static
../Core/Src/main.c:726:6:programa_principal	8	static
../Core/Src/main.c:771:6:error	8	static
../Core/Src/main.c:782:9:obtener_orientacion_futura	16	static
../Core/Src/main.c:795:9:obtenerGiro	24	static
../Core/Src/main.c:813:9:act_ubicacion	16	static
../Core/Src/main.c:829:6:promediar	32	static
../Core/Src/main.c:839:6:HAL_ADC_ConvHalfCpltCallback	16	static
../Core/Src/main.c:844:6:HAL_ADC_ConvCpltCallback	16	static
../Core/Src/main.c:848:6:correccion_avanzar	8	static
../Core/Src/main.c:874:6:avanzar	8	static
../Core/Src/main.c:883:6:apagar_izquierda	8	static
../Core/Src/main.c:892:6:apagar_derecha	8	static
../Core/Src/main.c:901:6:mini_retroceso	8	static
../Core/Src/main.c:906:6:mini_avance	8	static
../Core/Src/main.c:912:6:ejecutarGiro	16	static
../Core/Src/main.c:1002:6:setMotorIzquierdo	16	static
../Core/Src/main.c:1018:6:setMotorDerecho	16	static
../Core/Src/main.c:1035:9:act_pared	16	static
../Core/Src/main.c:1057:6:act_pesos	32	static
../Core/Src/main.c:1087:9:calculo_minimo_peso	32	static
../Core/Src/main.c:1182:6:envio_ubicacion	16	static
../Core/Src/main.c:1191:6:envio_pared	8	static
../Core/Src/main.c:1198:6:envio_llegada	16	static
../Core/Src/main.c:1207:6:envio_casilla_n	16	static
../Core/Src/main.c:1214:6:filtrado_linea_funcion	16	static
../Core/Src/main.c:1224:6:HAL_GPIO_EXTI_Callback	16	static
../Core/Src/main.c:1245:6:Error_Handler	4	static,ignoring_inline_asm
