../Core/Src/main.c:168:5:main	8	static
../Core/Src/main.c:297:6:SystemClock_Config	88	static
../Core/Src/main.c:340:13:MX_ADC1_Init	24	static
../Core/Src/main.c:397:13:MX_TIM3_Init	64	static
../Core/Src/main.c:453:13:MX_UART5_Init	8	static
../Core/Src/main.c:482:13:MX_DMA_Init	16	static
../Core/Src/main.c:499:13:MX_GPIO_Init	48	static
../Core/Src/main.c:567:6:eliminar_repetidos	32	static
../Core/Src/main.c:588:6:de_reversa_mami	8	static
../Core/Src/main.c:607:6:ajuste_automatico	16	static
../Core/Src/main.c:634:6:prueba_avanzar	8	static
../Core/Src/main.c:643:6:programa_principal	8	static
../Core/Src/main.c:683:6:error	8	static
../Core/Src/main.c:694:9:obtener_orientacion_futura	16	static
../Core/Src/main.c:708:9:obtenerGiro	24	static
../Core/Src/main.c:724:9:act_ubicacion	16	static
../Core/Src/main.c:740:6:promediar	32	static
../Core/Src/main.c:750:6:HAL_ADC_ConvHalfCpltCallback	16	static
../Core/Src/main.c:755:6:HAL_ADC_ConvCpltCallback	16	static
../Core/Src/main.c:759:6:correccion_avanzar	8	static
../Core/Src/main.c:771:6:avanzar	8	static
../Core/Src/main.c:780:6:apagar_izquierda	8	static
../Core/Src/main.c:789:6:apagar_derecha	8	static
../Core/Src/main.c:798:6:mini_retroceso	8	static
../Core/Src/main.c:803:6:mini_avance	8	static
../Core/Src/main.c:809:6:ejecutarGiro	16	static
../Core/Src/main.c:873:6:setMotorIzquierdo	16	static
../Core/Src/main.c:889:6:setMotorDerecho	16	static
../Core/Src/main.c:906:9:act_pared	16	static
../Core/Src/main.c:928:6:act_pesos	32	static
../Core/Src/main.c:958:9:calculo_minimo_peso	32	static
../Core/Src/main.c:1050:6:filtrado_pared_funcion	16	static
../Core/Src/main.c:1061:6:filtrado_linea_funcion	16	static
../Core/Src/main.c:1072:6:HAL_GPIO_EXTI_Callback	16	static
../Core/Src/main.c:1083:6:envio_ubicacion	16	static
../Core/Src/main.c:1092:6:envio_pared	16	static
../Core/Src/main.c:1097:6:envio_llegada	16	static
../Core/Src/main.c:1107:6:Error_Handler	4	static,ignoring_inline_asm
