../Core/Src/main.c:114:5:main	8	static
../Core/Src/main.c:199:6:SystemClock_Config	88	static
../Core/Src/main.c:246:13:MX_ADC1_Init	24	static
../Core/Src/main.c:307:13:MX_TIM3_Init	64	static
../Core/Src/main.c:368:13:MX_DMA_Init	16	static
../Core/Src/main.c:386:13:MX_GPIO_Init	40	static
../Core/Src/main.c:431:9:obtener_orientacion_N	16	static
../Core/Src/main.c:444:9:obtenerGiro	24	static
../Core/Src/main.c:460:9:actualizo_ubicacion	16	static
../Core/Src/main.c:476:6:promediar	32	static
../Core/Src/main.c:487:6:HAL_ADC_ConvHalfCpltCallback	16	static
../Core/Src/main.c:492:6:HAL_ADC_ConvCpltCallback	16	static
../Core/Src/main.c:496:6:correccion_avanzar	8	static
../Core/Src/main.c:512:6:avanzar	8	static
../Core/Src/main.c:521:6:apagar_derecha	8	static
../Core/Src/main.c:530:6:apagar_izquierda	8	static
../Core/Src/main.c:538:6:ejecutarGiro	16	static
../Core/Src/main.c:567:6:setMotorIzquierdo	16	static
../Core/Src/main.c:584:6:setMotorDerecho	16	static
../Core/Src/main.c:602:6:verificar_sensor	16	static
../Core/Src/main.c:637:6:Error_Handler	4	static,ignoring_inline_asm
