../Core/Src/main.c:188:5:main	8	static
../Core/Src/main.c:345:6:SystemClock_Config	88	static
../Core/Src/main.c:388:13:MX_ADC1_Init	24	static
../Core/Src/main.c:445:13:MX_TIM3_Init	64	static
../Core/Src/main.c:501:13:MX_UART5_Init	8	static
../Core/Src/main.c:530:13:MX_DMA_Init	16	static
../Core/Src/main.c:547:13:MX_GPIO_Init	48	static
../Core/Src/main.c:619:6:eliminar_repetidos	32	static
../Core/Src/main.c:639:6:de_reversa_mami	8	static
../Core/Src/main.c:661:6:ajuste_automatico	16	static
../Core/Src/main.c:691:6:prueba_rapida	8	static
../Core/Src/main.c:698:6:prueba_avanzar	8	static
../Core/Src/main.c:706:6:verificar_sensor	16	static
../Core/Src/main.c:722:6:programa_principal	8	static
../Core/Src/main.c:767:6:error	8	static
../Core/Src/main.c:778:9:obtener_orientacion_futura	16	static
../Core/Src/main.c:791:9:obtenerGiro	24	static
../Core/Src/main.c:809:9:act_ubicacion	16	static
../Core/Src/main.c:825:6:promediar	32	static
../Core/Src/main.c:835:6:HAL_ADC_ConvHalfCpltCallback	16	static
../Core/Src/main.c:840:6:HAL_ADC_ConvCpltCallback	16	static
../Core/Src/main.c:844:6:correccion_avanzar	8	static
../Core/Src/main.c:870:6:avanzar	8	static
../Core/Src/main.c:879:6:apagar_izquierda	8	static
../Core/Src/main.c:888:6:apagar_derecha	8	static
../Core/Src/main.c:897:6:mini_retroceso	8	static
../Core/Src/main.c:902:6:mini_avance	8	static
../Core/Src/main.c:908:6:ejecutarGiro	16	static
../Core/Src/main.c:998:6:setMotorIzquierdo	16	static
../Core/Src/main.c:1014:6:setMotorDerecho	16	static
../Core/Src/main.c:1031:9:act_pared	16	static
../Core/Src/main.c:1053:6:act_pesos	32	static
../Core/Src/main.c:1083:9:calculo_minimo_peso	32	static
../Core/Src/main.c:1178:6:envio_ubicacion	16	static
../Core/Src/main.c:1187:6:envio_pared	8	static
../Core/Src/main.c:1194:6:envio_llegada	16	static
../Core/Src/main.c:1203:6:envio_casilla_n	16	static
../Core/Src/main.c:1210:6:filtrado_linea_funcion	16	static
../Core/Src/main.c:1220:6:HAL_GPIO_EXTI_Callback	16	static
../Core/Src/main.c:1241:6:Error_Handler	4	static,ignoring_inline_asm
