../Core/Src/main.c:190:5:main	8	static
../Core/Src/main.c:349:6:SystemClock_Config	88	static
../Core/Src/main.c:396:13:MX_ADC1_Init	24	static
../Core/Src/main.c:457:13:MX_TIM3_Init	64	static
../Core/Src/main.c:520:13:MX_UART5_Init	8	static
../Core/Src/main.c:551:13:MX_DMA_Init	16	static
../Core/Src/main.c:569:13:MX_GPIO_Init	48	static
../Core/Src/main.c:636:6:eliminar_repetidos	32	static
../Core/Src/main.c:656:6:de_reversa_mami	8	static
../Core/Src/main.c:672:6:ajuste_automatico	16	static
../Core/Src/main.c:700:6:prueba_rapida	8	static
../Core/Src/main.c:707:6:prueba_avanzar	8	static
../Core/Src/main.c:715:6:verificar_sensor	16	static
../Core/Src/main.c:731:6:programa_principal	8	static
../Core/Src/main.c:770:6:error	8	static
../Core/Src/main.c:781:9:obtener_orientacion_futura	16	static
../Core/Src/main.c:795:9:obtenerGiro	24	static
../Core/Src/main.c:811:9:act_ubicacion	16	static
../Core/Src/main.c:827:6:promediar	32	static
../Core/Src/main.c:837:6:HAL_ADC_ConvHalfCpltCallback	16	static
../Core/Src/main.c:842:6:HAL_ADC_ConvCpltCallback	16	static
../Core/Src/main.c:846:6:correccion_avanzar	8	static
../Core/Src/main.c:870:6:avanzar	8	static
../Core/Src/main.c:879:6:apagar_izquierda	8	static
../Core/Src/main.c:888:6:apagar_derecha	8	static
../Core/Src/main.c:897:6:mini_retroceso	8	static
../Core/Src/main.c:902:6:mini_avance	8	static
../Core/Src/main.c:908:6:ejecutarGiro	16	static
../Core/Src/main.c:997:6:setMotorIzquierdo	16	static
../Core/Src/main.c:1013:6:setMotorDerecho	16	static
../Core/Src/main.c:1030:9:act_pared	16	static
../Core/Src/main.c:1052:6:act_pesos	32	static
../Core/Src/main.c:1082:9:calculo_minimo_peso	32	static
../Core/Src/main.c:1178:6:HAL_GPIO_EXTI_Callback	16	static
../Core/Src/main.c:1182:6:envio_ubicacion	16	static
../Core/Src/main.c:1191:6:envio_pared	8	static
../Core/Src/main.c:1198:6:envio_llegada	16	static
../Core/Src/main.c:1207:6:envio_casilla_n	16	static
../Core/Src/main.c:1231:6:Error_Handler	4	static,ignoring_inline_asm
