../Core/Src/main.c:169:5:main	8	static
../Core/Src/main.c:298:6:SystemClock_Config	88	static
../Core/Src/main.c:341:13:MX_ADC1_Init	24	static
../Core/Src/main.c:398:13:MX_TIM3_Init	64	static
../Core/Src/main.c:454:13:MX_UART5_Init	8	static
../Core/Src/main.c:483:13:MX_DMA_Init	16	static
../Core/Src/main.c:500:13:MX_GPIO_Init	48	static
../Core/Src/main.c:568:6:eliminar_repetidos	32	static
../Core/Src/main.c:589:6:de_reversa_mami	8	static
../Core/Src/main.c:608:6:ajuste_automatico	16	static
../Core/Src/main.c:635:6:prueba_avanzar	8	static
../Core/Src/main.c:644:6:programa_principal	8	static
../Core/Src/main.c:686:6:error	8	static
../Core/Src/main.c:697:9:obtener_orientacion_futura	16	static
../Core/Src/main.c:711:9:obtenerGiro	24	static
../Core/Src/main.c:727:9:act_ubicacion	16	static
../Core/Src/main.c:743:6:promediar	32	static
../Core/Src/main.c:753:6:HAL_ADC_ConvHalfCpltCallback	16	static
../Core/Src/main.c:758:6:HAL_ADC_ConvCpltCallback	16	static
../Core/Src/main.c:762:6:correccion_avanzar	8	static
../Core/Src/main.c:774:6:avanzar	8	static
../Core/Src/main.c:783:6:apagar_izquierda	8	static
../Core/Src/main.c:792:6:apagar_derecha	8	static
../Core/Src/main.c:801:6:mini_retroceso	8	static
../Core/Src/main.c:806:6:mini_avance	8	static
../Core/Src/main.c:812:6:ejecutarGiro	16	static
../Core/Src/main.c:876:6:setMotorIzquierdo	16	static
../Core/Src/main.c:892:6:setMotorDerecho	16	static
../Core/Src/main.c:909:9:act_pared	16	static
../Core/Src/main.c:931:6:act_pesos	32	static
../Core/Src/main.c:961:9:calculo_minimo_peso	32	static
../Core/Src/main.c:1053:6:filtrado_pared_funcion	16	static
../Core/Src/main.c:1064:6:filtrado_linea_funcion	16	static
../Core/Src/main.c:1075:6:HAL_GPIO_EXTI_Callback	16	static
../Core/Src/main.c:1086:6:envio_ubicacion	16	static
../Core/Src/main.c:1095:6:envio_pared	16	static
../Core/Src/main.c:1100:6:envio_llegada	16	static
../Core/Src/main.c:1104:6:envio_casilla_n	24	static
../Core/Src/main.c:1115:6:Error_Handler	4	static,ignoring_inline_asm
