../Core/Src/main.c:191:5:main	8	static
../Core/Src/main.c:342:6:SystemClock_Config	88	static
../Core/Src/main.c:389:13:MX_ADC1_Init	24	static
../Core/Src/main.c:450:13:MX_TIM3_Init	64	static
../Core/Src/main.c:513:13:MX_TIM14_Init	8	static
../Core/Src/main.c:544:13:MX_UART5_Init	8	static
../Core/Src/main.c:575:13:MX_DMA_Init	16	static
../Core/Src/main.c:593:13:MX_GPIO_Init	48	static
../Core/Src/main.c:666:6:HAL_TIM_PeriodElapsedCallback	16	static
../Core/Src/main.c:673:6:comprobacion	8	static
../Core/Src/main.c:695:6:eliminar_repetidos	32	static
../Core/Src/main.c:715:6:de_reversa_mami	8	static
../Core/Src/main.c:737:6:ajuste_automatico	16	static
../Core/Src/main.c:769:6:prueba_avanzar	8	static
../Core/Src/main.c:777:6:programa_principal	8	static
../Core/Src/main.c:866:9:obtener_orientacion_futura	16	static
../Core/Src/main.c:879:9:obtenerGiro	24	static
../Core/Src/main.c:897:9:act_ubicacion	16	static
../Core/Src/main.c:913:6:promediar	32	static
../Core/Src/main.c:923:6:HAL_ADC_ConvHalfCpltCallback	16	static
../Core/Src/main.c:928:6:HAL_ADC_ConvCpltCallback	16	static
../Core/Src/main.c:932:6:correccion_avanzar	8	static
../Core/Src/main.c:966:6:avanzar	8	static
../Core/Src/main.c:975:6:apagar_izquierda	8	static
../Core/Src/main.c:984:6:apagar_derecha	8	static
../Core/Src/main.c:993:6:mini_retroceso	8	static
../Core/Src/main.c:998:6:mini_avance	8	static
../Core/Src/main.c:1004:6:ejecutarGiro	16	static
../Core/Src/main.c:1083:6:setMotorIzquierdo	16	static
../Core/Src/main.c:1099:6:setMotorDerecho	16	static
../Core/Src/main.c:1116:9:act_pared	16	static
../Core/Src/main.c:1138:6:act_pesos	32	static
../Core/Src/main.c:1168:9:calculo_minimo_peso	32	static
../Core/Src/main.c:1263:6:envio_ubicacion	16	static
../Core/Src/main.c:1273:6:envio_pared	8	static
../Core/Src/main.c:1281:6:envio_llegada	16	static
../Core/Src/main.c:1291:6:envio_casilla_n	16	static
../Core/Src/main.c:1298:6:filtrado_linea_funcion	16	static
../Core/Src/main.c:1308:6:HAL_GPIO_EXTI_Callback	16	static
../Core/Src/main.c:1329:6:Error_Handler	4	static,ignoring_inline_asm
