../Core/Src/main.c:150:5:main	8	static
../Core/Src/main.c:271:6:SystemClock_Config	88	static
../Core/Src/main.c:318:13:MX_ADC1_Init	24	static
../Core/Src/main.c:379:13:MX_TIM3_Init	64	static
../Core/Src/main.c:440:13:MX_DMA_Init	16	static
../Core/Src/main.c:458:13:MX_GPIO_Init	48	static
../Core/Src/main.c:530:6:ajuste_automatico	16	static
../Core/Src/main.c:556:6:prueba_rapida	8	static
../Core/Src/main.c:563:6:prueba_avanzar	8	static
../Core/Src/main.c:570:6:prueba_giros_y_sensores	8	static
../Core/Src/main.c:604:6:prueba_casilla_n	8	static
../Core/Src/main.c:616:6:prueba_post_relleno	8	static
../Core/Src/main.c:627:6:programa_principal	8	static
../Core/Src/main.c:658:6:error	8	static
../Core/Src/main.c:669:9:obtener_orientacion_futura	16	static
../Core/Src/main.c:683:9:obtenerGiro	24	static
../Core/Src/main.c:699:9:act_ubicacion	16	static
../Core/Src/main.c:715:6:promediar	32	static
../Core/Src/main.c:725:6:HAL_ADC_ConvHalfCpltCallback	16	static
../Core/Src/main.c:730:6:HAL_ADC_ConvCpltCallback	16	static
../Core/Src/main.c:734:6:correccion_avanzar	8	static
../Core/Src/main.c:744:6:avanzar	8	static
../Core/Src/main.c:753:6:apagar_izquierda	8	static
../Core/Src/main.c:762:6:apagar_derecha	8	static
../Core/Src/main.c:771:6:mini_retroceso	8	static
../Core/Src/main.c:776:6:mini_avance	8	static
../Core/Src/main.c:782:6:ejecutarGiro	16	static
../Core/Src/main.c:837:6:setMotorIzquierdo	16	static
../Core/Src/main.c:854:6:setMotorDerecho	16	static
../Core/Src/main.c:872:6:verificar_sensor	16	static
../Core/Src/main.c:896:9:act_pared	16	static
../Core/Src/main.c:918:6:act_pesos	32	static
../Core/Src/main.c:948:9:calculo_minimo_peso	32	static
../Core/Src/main.c:969:6:filtrado_pared	16	static
../Core/Src/main.c:990:6:HAL_GPIO_EXTI_Callback	16	static
../Core/Src/main.c:1003:6:Error_Handler	4	static,ignoring_inline_asm
