../Core/Src/main.c:150:5:main	8	static
../Core/Src/main.c:270:6:SystemClock_Config	88	static
../Core/Src/main.c:313:13:MX_ADC1_Init	24	static
../Core/Src/main.c:370:13:MX_TIM3_Init	64	static
../Core/Src/main.c:424:13:MX_DMA_Init	16	static
../Core/Src/main.c:441:13:MX_GPIO_Init	48	static
../Core/Src/main.c:512:6:ajuste_automatico	16	static
../Core/Src/main.c:538:6:prueba_rapida	8	static
../Core/Src/main.c:545:6:prueba_avanzar	8	static
../Core/Src/main.c:553:6:prueba_giros_y_sensores	8	static
../Core/Src/main.c:587:6:prueba_casilla_n	8	static
../Core/Src/main.c:599:6:prueba_post_relleno	8	static
../Core/Src/main.c:610:6:programa_principal	8	static
../Core/Src/main.c:641:6:error	8	static
../Core/Src/main.c:652:9:obtener_orientacion_futura	16	static
../Core/Src/main.c:666:9:obtenerGiro	24	static
../Core/Src/main.c:682:9:act_ubicacion	16	static
../Core/Src/main.c:698:6:promediar	32	static
../Core/Src/main.c:708:6:HAL_ADC_ConvHalfCpltCallback	16	static
../Core/Src/main.c:713:6:HAL_ADC_ConvCpltCallback	16	static
../Core/Src/main.c:717:6:correccion_avanzar	8	static
../Core/Src/main.c:727:6:avanzar	8	static
../Core/Src/main.c:736:6:apagar_izquierda	8	static
../Core/Src/main.c:745:6:apagar_derecha	8	static
../Core/Src/main.c:754:6:mini_retroceso	8	static
../Core/Src/main.c:759:6:mini_avance	8	static
../Core/Src/main.c:765:6:ejecutarGiro	16	static
../Core/Src/main.c:820:6:setMotorIzquierdo	16	static
../Core/Src/main.c:837:6:setMotorDerecho	16	static
../Core/Src/main.c:855:6:verificar_sensor	16	static
../Core/Src/main.c:879:9:act_pared	16	static
../Core/Src/main.c:901:6:act_pesos	32	static
../Core/Src/main.c:931:9:calculo_minimo_peso	32	static
../Core/Src/main.c:952:6:filtrado_pared	16	static
../Core/Src/main.c:973:6:HAL_GPIO_EXTI_Callback	16	static
../Core/Src/main.c:986:6:Error_Handler	4	static,ignoring_inline_asm
