../Core/Src/main.c:121:5:main	16	static
../Core/Src/main.c:214:6:SystemClock_Config	88	static
../Core/Src/main.c:258:13:MX_ADC1_Init	24	static
../Core/Src/main.c:315:13:MX_TIM3_Init	64	static
../Core/Src/main.c:372:13:MX_DMA_Init	16	static
../Core/Src/main.c:389:13:MX_GPIO_Init	40	static
../Core/Src/main.c:436:9:obtener_orientacion_N	16	static
../Core/Src/main.c:449:9:obtenerGiro	24	static
../Core/Src/main.c:465:9:actualizo_ubicacion	16	static
../Core/Src/main.c:481:6:promediar	32	static
../Core/Src/main.c:492:6:HAL_ADC_ConvHalfCpltCallback	16	static
../Core/Src/main.c:497:6:HAL_ADC_ConvCpltCallback	16	static
../Core/Src/main.c:501:6:correccion_avanzar	8	static
../Core/Src/main.c:517:6:avanzar	8	static
../Core/Src/main.c:526:6:apagar_derecha	8	static
../Core/Src/main.c:535:6:apagar_izquierda	8	static
../Core/Src/main.c:543:6:ejecutarGiro	16	static
../Core/Src/main.c:572:6:setMotorIzquierdo	16	static
../Core/Src/main.c:593:6:setMotorDerecho	16	static
../Core/Src/main.c:611:6:verificar_sensor	16	static
../Core/Src/main.c:635:9:actualizo_pared	16	static
../Core/Src/main.c:658:6:act_pesos	32	static
../Core/Src/main.c:698:6:Error_Handler	4	static,ignoring_inline_asm
