../Core/Src/main.c:175:5:main	8	static
../Core/Src/main.c:326:6:SystemClock_Config	88	static
../Core/Src/main.c:373:13:MX_ADC1_Init	24	static
../Core/Src/main.c:434:13:MX_TIM3_Init	64	static
../Core/Src/main.c:497:13:MX_UART5_Init	8	static
../Core/Src/main.c:528:13:MX_DMA_Init	16	static
../Core/Src/main.c:546:13:MX_GPIO_Init	48	static
../Core/Src/main.c:613:6:eliminar_repetidos	32	static
../Core/Src/main.c:633:6:de_reversa_mami	8	static
../Core/Src/main.c:649:6:ajuste_automatico	16	static
../Core/Src/main.c:676:6:prueba_rapida	8	static
../Core/Src/main.c:683:6:prueba_avanzar	8	static
../Core/Src/main.c:691:6:verificar_sensor	16	static
../Core/Src/main.c:707:6:programa_principal	8	static
../Core/Src/main.c:745:6:error	8	static
../Core/Src/main.c:756:9:obtener_orientacion_futura	16	static
../Core/Src/main.c:770:9:obtenerGiro	24	static
../Core/Src/main.c:786:9:act_ubicacion	16	static
../Core/Src/main.c:802:6:promediar	32	static
../Core/Src/main.c:812:6:HAL_ADC_ConvHalfCpltCallback	16	static
../Core/Src/main.c:817:6:HAL_ADC_ConvCpltCallback	16	static
../Core/Src/main.c:821:6:correccion_avanzar	8	static
../Core/Src/main.c:843:6:avanzar	8	static
../Core/Src/main.c:852:6:apagar_izquierda	8	static
../Core/Src/main.c:861:6:apagar_derecha	8	static
../Core/Src/main.c:870:6:mini_retroceso	8	static
../Core/Src/main.c:875:6:mini_avance	8	static
../Core/Src/main.c:881:6:ejecutarGiro	16	static
../Core/Src/main.c:945:6:setMotorIzquierdo	16	static
../Core/Src/main.c:961:6:setMotorDerecho	16	static
../Core/Src/main.c:978:9:act_pared	16	static
../Core/Src/main.c:1000:6:act_pesos	32	static
../Core/Src/main.c:1030:9:calculo_minimo_peso	32	static
../Core/Src/main.c:1126:6:HAL_GPIO_EXTI_Callback	16	static
../Core/Src/main.c:1130:6:envio_ubicacion	16	static
../Core/Src/main.c:1138:6:envio_pared	8	static
../Core/Src/main.c:1145:6:envio_llegada	16	static
../Core/Src/main.c:1154:6:envio_casilla_n	16	static
../Core/Src/main.c:1162:6:envio_contador	16	static
../Core/Src/main.c:1177:6:Error_Handler	4	static,ignoring_inline_asm
