../Core/Src/main.c:174:5:main	8	static
../Core/Src/main.c:301:6:SystemClock_Config	88	static
../Core/Src/main.c:344:13:MX_ADC1_Init	24	static
../Core/Src/main.c:401:13:MX_TIM3_Init	64	static
../Core/Src/main.c:457:13:MX_UART5_Init	8	static
../Core/Src/main.c:486:13:MX_DMA_Init	16	static
../Core/Src/main.c:503:13:MX_GPIO_Init	48	static
../Core/Src/main.c:571:6:detecte_pared_por_tiempo	16	static
../Core/Src/main.c:579:6:eliminar_repetidos	32	static
../Core/Src/main.c:599:6:de_reversa_mami	8	static
../Core/Src/main.c:618:6:ajuste_automatico	16	static
../Core/Src/main.c:645:6:prueba_avanzar	8	static
../Core/Src/main.c:654:6:programa_principal	8	static
../Core/Src/main.c:706:6:error	8	static
../Core/Src/main.c:717:9:obtener_orientacion_futura	16	static
../Core/Src/main.c:731:9:obtenerGiro	24	static
../Core/Src/main.c:747:9:act_ubicacion	16	static
../Core/Src/main.c:763:6:promediar	32	static
../Core/Src/main.c:773:6:HAL_ADC_ConvHalfCpltCallback	16	static
../Core/Src/main.c:778:6:HAL_ADC_ConvCpltCallback	16	static
../Core/Src/main.c:782:6:correccion_avanzar	8	static
../Core/Src/main.c:794:6:avanzar	8	static
../Core/Src/main.c:803:6:apagar_izquierda	8	static
../Core/Src/main.c:812:6:apagar_derecha	8	static
../Core/Src/main.c:821:6:mini_retroceso	8	static
../Core/Src/main.c:826:6:mini_avance	8	static
../Core/Src/main.c:832:6:ejecutarGiro	16	static
../Core/Src/main.c:897:6:setMotorIzquierdo	16	static
../Core/Src/main.c:913:6:setMotorDerecho	16	static
../Core/Src/main.c:930:9:act_pared	16	static
../Core/Src/main.c:952:6:act_pesos	32	static
../Core/Src/main.c:982:9:calculo_minimo_peso	32	static
../Core/Src/main.c:1073:6:filtrado_pared_funcion	16	static
../Core/Src/main.c:1084:6:filtrado_linea_funcion	16	static
../Core/Src/main.c:1095:6:HAL_GPIO_EXTI_Callback	16	static
../Core/Src/main.c:1106:6:envio_ubicacion	16	static
../Core/Src/main.c:1115:6:envio_pared	16	static
../Core/Src/main.c:1120:6:envio_llegada	16	static
../Core/Src/main.c:1124:6:envio_casilla_n	24	static
../Core/Src/main.c:1135:6:Error_Handler	4	static,ignoring_inline_asm
