../Core/Src/main.c:166:5:main	8	static
../Core/Src/main.c:292:6:SystemClock_Config	88	static
../Core/Src/main.c:335:13:MX_ADC1_Init	24	static
../Core/Src/main.c:392:13:MX_TIM3_Init	64	static
../Core/Src/main.c:448:13:MX_UART5_Init	8	static
../Core/Src/main.c:477:13:MX_DMA_Init	16	static
../Core/Src/main.c:494:13:MX_GPIO_Init	48	static
../Core/Src/main.c:562:6:de_reversa_mami	8	static
../Core/Src/main.c:581:6:ajuste_automatico	16	static
../Core/Src/main.c:608:6:prueba_avanzar	8	static
../Core/Src/main.c:617:6:programa_principal	8	static
../Core/Src/main.c:656:6:error	8	static
../Core/Src/main.c:667:9:obtener_orientacion_futura	16	static
../Core/Src/main.c:681:9:obtenerGiro	24	static
../Core/Src/main.c:697:9:act_ubicacion	16	static
../Core/Src/main.c:713:6:promediar	32	static
../Core/Src/main.c:723:6:HAL_ADC_ConvHalfCpltCallback	16	static
../Core/Src/main.c:728:6:HAL_ADC_ConvCpltCallback	16	static
../Core/Src/main.c:732:6:correccion_avanzar	8	static
../Core/Src/main.c:744:6:avanzar	8	static
../Core/Src/main.c:753:6:apagar_izquierda	8	static
../Core/Src/main.c:762:6:apagar_derecha	8	static
../Core/Src/main.c:771:6:mini_retroceso	8	static
../Core/Src/main.c:776:6:mini_avance	8	static
../Core/Src/main.c:782:6:ejecutarGiro	16	static
../Core/Src/main.c:846:6:setMotorIzquierdo	16	static
../Core/Src/main.c:862:6:setMotorDerecho	16	static
../Core/Src/main.c:879:9:act_pared	16	static
../Core/Src/main.c:901:6:act_pesos	32	static
../Core/Src/main.c:931:9:calculo_minimo_peso	32	static
../Core/Src/main.c:1023:6:filtrado_pared_funcion	16	static
../Core/Src/main.c:1034:6:filtrado_linea_funcion	16	static
../Core/Src/main.c:1045:6:HAL_GPIO_EXTI_Callback	16	static
../Core/Src/main.c:1056:6:envio_ubicacion	16	static
../Core/Src/main.c:1071:6:Error_Handler	4	static,ignoring_inline_asm
